Component: ARM Compiler 5.06 update 6 (build 750) Tool: armlink [4d35ed]

==============================================================================

Section Cross References

    app_entry.o(i.APPE_Init) refers to stm32_lpm.o(i.UTIL_LPM_Init) for UTIL_LPM_Init
    app_entry.o(i.APPE_Init) refers to hw_timerserver.o(i.HW_TS_Init) for HW_TS_Init
    app_entry.o(i.APPE_Init) refers to app_debug.o(i.APPD_Init) for APPD_Init
    app_entry.o(i.APPE_Init) refers to stm32_lpm.o(i.UTIL_LPM_SetOffMode) for UTIL_LPM_SetOffMode
    app_entry.o(i.APPE_Init) refers to tl_mbox.o(i.TL_Init) for TL_Init
    app_entry.o(i.APPE_Init) refers to stm32_seq.o(i.UTIL_SEQ_RegTask) for UTIL_SEQ_RegTask
    app_entry.o(i.APPE_Init) refers to shci_tl.o(i.shci_init) for shci_init
    app_entry.o(i.APPE_Init) refers to tl_mbox.o(i.TL_MM_Init) for TL_MM_Init
    app_entry.o(i.APPE_Init) refers to tl_mbox.o(i.TL_Enable) for TL_Enable
    app_entry.o(i.APPE_Init) refers to main.o(.bss) for hrtc
    app_entry.o(i.APPE_Init) refers to shci_tl.o(i.shci_user_evt_proc) for shci_user_evt_proc
    app_entry.o(i.APPE_Init) refers to app_entry.o(MB_MEM2) for MB_MEM2
    app_entry.o(i.APPE_Init) refers to app_entry.o(i.APPE_SysStatusNot) for APPE_SysStatusNot
    app_entry.o(i.APPE_Init) refers to app_entry.o(i.APPE_SysUserEvtRx) for APPE_SysUserEvtRx
    app_entry.o(i.APPE_SysUserEvtRx) refers to app_entry.o(i.APPE_SysevtReadyProcessing) for APPE_SysevtReadyProcessing
    app_entry.o(i.APPE_SysevtReadyProcessing) refers to main.o(i.Serial_PutString) for Serial_PutString
    app_entry.o(i.APPE_SysevtReadyProcessing) refers to shci.o(i.SHCI_C2_FUS_GetState) for SHCI_C2_FUS_GetState
    app_entry.o(i.APPE_SysevtReadyProcessing) refers to stm32wbxx_hal_pwr.o(i.HAL_PWR_EnterSLEEPMode) for HAL_PWR_EnterSLEEPMode
    app_entry.o(i.APPE_SysevtReadyProcessing) refers to app_debug.o(i.APPD_EnableCPU2) for APPD_EnableCPU2
    app_entry.o(i.APPE_SysevtReadyProcessing) refers to stm32_lpm.o(i.UTIL_LPM_SetOffMode) for UTIL_LPM_SetOffMode
    app_entry.o(i.APPE_SysevtReadyProcessing) refers to app_ble.o(i.APP_BLE_Init) for APP_BLE_Init
    app_entry.o(i.APPE_SysevtReadyProcessing) refers to app_entry.o(i.__NVIC_SystemReset) for __NVIC_SystemReset
    app_entry.o(i.APPE_SysevtReadyProcessing) refers to shci.o(i.SHCI_C2_FUS_FwUpgrade) for SHCI_C2_FUS_FwUpgrade
    app_entry.o(i.APPE_SysevtReadyProcessing) refers to shci.o(i.SHCI_C2_FUS_StartWs) for SHCI_C2_FUS_StartWs
    app_entry.o(i.UTIL_SEQ_EvtIdle) refers to stm32_seq.o(i.UTIL_SEQ_Run) for UTIL_SEQ_Run
    app_entry.o(i.shci_cmd_resp_release) refers to stm32_seq.o(i.UTIL_SEQ_SetEvt) for UTIL_SEQ_SetEvt
    app_entry.o(i.shci_cmd_resp_wait) refers to stm32_seq.o(i.UTIL_SEQ_WaitEvt) for UTIL_SEQ_WaitEvt
    app_entry.o(i.shci_notify_asynch_evt) refers to stm32_seq.o(i.UTIL_SEQ_SetTask) for UTIL_SEQ_SetTask
    stm32_lpm_if.o(i.PWR_EnterOffMode) refers to stm32_lpm_if.o(i.LL_PWR_SetPowerMode) for LL_PWR_SetPowerMode
    stm32_lpm_if.o(i.PWR_EnterSleepMode) refers to stm32wbxx_hal.o(i.HAL_SuspendTick) for HAL_SuspendTick
    stm32_lpm_if.o(i.PWR_EnterStopMode) refers to stm32_lpm_if.o(i.LL_HSEM_1StepLock) for LL_HSEM_1StepLock
    stm32_lpm_if.o(i.PWR_EnterStopMode) refers to stm32_lpm_if.o(i.Switch_On_HSI) for Switch_On_HSI
    stm32_lpm_if.o(i.PWR_EnterStopMode) refers to stm32_lpm_if.o(i.LL_PWR_SetPowerMode) for LL_PWR_SetPowerMode
    stm32_lpm_if.o(i.PWR_ExitSleepMode) refers to stm32wbxx_hal.o(i.HAL_ResumeTick) for HAL_ResumeTick
    stm32_lpm_if.o(i.PWR_ExitStopMode) refers to stm32_lpm_if.o(i.LL_HSEM_1StepLock) for LL_HSEM_1StepLock
    stm32_lpm_if.o(i.PWR_ExitStopMode) refers to stm32_lpm_if.o(i.LL_RCC_SetSysClkSource) for LL_RCC_SetSysClkSource
    stm32_lpm_if.o(i.Switch_On_HSI) refers to stm32_lpm_if.o(i.LL_RCC_SetSysClkSource) for LL_RCC_SetSysClkSource
    stm32_lpm_if.o(.constdata) refers to stm32_lpm_if.o(i.PWR_EnterSleepMode) for PWR_EnterSleepMode
    stm32_lpm_if.o(.constdata) refers to stm32_lpm_if.o(i.PWR_ExitSleepMode) for PWR_ExitSleepMode
    stm32_lpm_if.o(.constdata) refers to stm32_lpm_if.o(i.PWR_EnterStopMode) for PWR_EnterStopMode
    stm32_lpm_if.o(.constdata) refers to stm32_lpm_if.o(i.PWR_ExitStopMode) for PWR_ExitStopMode
    stm32_lpm_if.o(.constdata) refers to stm32_lpm_if.o(i.PWR_EnterOffMode) for PWR_EnterOffMode
    stm32_lpm_if.o(.constdata) refers to stm32_lpm_if.o(i.PWR_ExitOffMode) for PWR_ExitOffMode
    hw_timerserver.o(i.HW_TS_Create) refers to hw_timerserver.o(TIMERSERVER_CONTEXT) for TIMERSERVER_CONTEXT
    hw_timerserver.o(i.HW_TS_Delete) refers to hw_timerserver.o(i.HW_TS_Stop) for HW_TS_Stop
    hw_timerserver.o(i.HW_TS_Delete) refers to hw_timerserver.o(TIMERSERVER_CONTEXT) for TIMERSERVER_CONTEXT
    hw_timerserver.o(i.HW_TS_Init) refers to stm32wbxx_hal_cortex.o(i.HAL_NVIC_SetPendingIRQ) for HAL_NVIC_SetPendingIRQ
    hw_timerserver.o(i.HW_TS_Init) refers to stm32wbxx_hal_cortex.o(i.HAL_NVIC_SetPriority) for HAL_NVIC_SetPriority
[...]
    i.UART_CheckIdleState                    0x080028dc   Section        0  stm32wbxx_hal_uart.o(i.UART_CheckIdleState)
    i.UART_DMAAbortOnError                   0x0800293a   Section        0  stm32wbxx_hal_uart.o(i.UART_DMAAbortOnError)
    UART_DMAAbortOnError                     0x0800293b   Thumb Code    20  stm32wbxx_hal_uart.o(i.UART_DMAAbortOnError)
    i.UART_EndRxTransfer                     0x08002950   Section        0  stm32wbxx_hal_uart.o(i.UART_EndRxTransfer)
    UART_EndRxTransfer                       0x08002951   Thumb Code    32  stm32wbxx_hal_uart.o(i.UART_EndRxTransfer)
    i.UART_SetConfig                         0x08002974   Section        0  stm32wbxx_hal_uart.o(i.UART_SetConfig)
    i.UART_WaitOnFlagUntilTimeout            0x08003084   Section        0  stm32wbxx_hal_uart.o(i.UART_WaitOnFlagUntilTimeout)
    i.USART1_IRQHandler                      0x08003128   Section        0  stm32wbxx_it.o(i.USART1_IRQHandler)
    i.UTIL_LPM_Init                          0x08003130   Section        0  stm32_lpm.o(i.UTIL_LPM_Init)
    i.UTIL_LPM_SetOffMode                    0x08003140   Section        0  stm32_lpm.o(i.UTIL_LPM_SetOffMode)
    i.UTIL_SEQ_EvtIdle                       0x08003164   Section        0  app_entry.o(i.UTIL_SEQ_EvtIdle)
    i.UTIL_SEQ_Idle                          0x0800316c   Section        0  app_entry.o(i.UTIL_SEQ_Idle)
    i.UTIL_SEQ_PauseTask                     0x08003170   Section        0  stm32_seq.o(i.UTIL_SEQ_PauseTask)
    i.UTIL_SEQ_PostIdle                      0x08003188   Section        0  stm32_seq.o(i.UTIL_SEQ_PostIdle)
    i.UTIL_SEQ_PreIdle                       0x0800318a   Section        0  stm32_seq.o(i.UTIL_SEQ_PreIdle)
    i.UTIL_SEQ_RegTask                       0x0800318c   Section        0  stm32_seq.o(i.UTIL_SEQ_RegTask)
    i.UTIL_SEQ_ResumeTask                    0x080031ac   Section        0  stm32_seq.o(i.UTIL_SEQ_ResumeTask)
    i.UTIL_SEQ_Run                           0x080031c4   Section        0  stm32_seq.o(i.UTIL_SEQ_Run)
    i.UTIL_SEQ_SetEvt                        0x0800329c   Section        0  stm32_seq.o(i.UTIL_SEQ_SetEvt)
    i.UTIL_SEQ_SetTask                       0x080032b4   Section        0  stm32_seq.o(i.UTIL_SEQ_SetTask)
    i.UTIL_SEQ_WaitEvt                       0x080032e0   Section        0  stm32_seq.o(i.UTIL_SEQ_WaitEvt)
    i.UnlinkTimer                            0x0800330c   Section        0  hw_timerserver.o(i.UnlinkTimer)
    UnlinkTimer                              0x0800330d   Thumb Code    84  hw_timerserver.o(i.UnlinkTimer)
    i.__NVIC_SetPriority                     0x08003364   Section        0  stm32wbxx_hal_cortex.o(i.__NVIC_SetPriority)
    __NVIC_SetPriority                       0x08003365   Thumb Code    32  stm32wbxx_hal_cortex.o(i.__NVIC_SetPriority)
    i.__NVIC_SystemReset                     0x08003384   Section        0  app_entry.o(i.__NVIC_SystemReset)
    __NVIC_SystemReset                       0x08003385   Thumb Code    26  app_entry.o(i.__NVIC_SystemReset)
    i.__scatterload_copy                     0x080033a8   Section       14  handlers.o(i.__scatterload_copy)
    i.__scatterload_null                     0x080033b6   Section        2  handlers.o(i.__scatterload_null)
    i.__scatterload_zeroinit                 0x080033b8   Section       14  handlers.o(i.__scatterload_zeroinit)
    i.aci_gap_init                           0x080033c6   Section        0  ble_gap_aci.o(i.aci_gap_init)
    i.aci_gap_set_authentication_requirement 0x0800344a   Section        0  ble_gap_aci.o(i.aci_gap_set_authentication_requirement)
    i.aci_gap_set_discoverable               0x080034bc   Section        0  ble_gap_aci.o(i.aci_gap_set_discoverable)
    i.aci_gap_set_io_capability              0x0800355e   Section        0  ble_gap_aci.o(i.aci_gap_set_io_capability)
    i.aci_gap_update_adv_data                0x080035a8   Section        0  ble_gap_aci.o(i.aci_gap_update_adv_data)
    i.aci_gatt_add_char                      0x08003600   Section        0  ble_gatt_aci.o(i.aci_gatt_add_char)
    i.aci_gatt_add_service                   0x080036be   Section        0  ble_gatt_aci.o(i.aci_gatt_add_service)
    i.aci_gatt_init                          0x08003768   Section        0  ble_gatt_aci.o(i.aci_gatt_init)
    i.aci_gatt_update_char_value             0x080037aa   Section        0  ble_gatt_aci.o(i.aci_gatt_update_char_value)
    i.aci_hal_set_tx_power_level             0x08003816   Section        0  ble_hal_aci.o(i.aci_hal_set_tx_power_level)
    i.aci_hal_write_config_data              0x08003866   Section        0  ble_hal_aci.o(i.aci_hal_write_config_data)
    i.bit_position                           0x080038c8   Section        0  stm32_seq.o(i.bit_position)
    bit_position                             0x080038c9   Thumb Code    42  stm32_seq.o(i.bit_position)
    i.hci_cmd_resp_release                   0x080038f8   Section        0  app_ble.o(i.hci_cmd_resp_release)
    i.hci_cmd_resp_wait                      0x080038fe   Section        0  app_ble.o(i.hci_cmd_resp_wait)
    i.hci_init                               0x08003904   Section        0  hci_tl.o(i.hci_init)
    i.hci_notify_asynch_evt                  0x08003954   Section        0  app_ble.o(i.hci_notify_asynch_evt)
    i.hci_register_io_bus                    0x0800395c   Section        0  hci_tl_if.o(i.hci_register_io_bus)
    i.hci_reset                              0x08003970   Section        0  ble_hci_le.o(i.hci_reset)
    i.hci_send_req                           0x080039b0   Section        0  hci_tl.o(i.hci_send_req)
    i.hci_user_evt_proc                      0x08003a64   Section        0  hci_tl.o(i.hci_user_evt_proc)
    i.linkTimer                              0x08003ac8   Section        0  hw_timerserver.o(i.linkTimer)
    linkTimer                                0x08003ac9   Thumb Code   168  hw_timerserver.o(i.linkTimer)
    i.main                                   0x08003b74   Section        0  main.o(i.main)
    i.shci_cmd_resp_release                  0x08003c24   Section        0  app_entry.o(i.shci_cmd_resp_release)
    i.shci_cmd_resp_wait                     0x08003c2a   Section        0  app_entry.o(i.shci_cmd_resp_wait)
    i.shci_init                              0x08003c30   Section        0  shci_tl.o(i.shci_init)
    i.shci_notify_asynch_evt                 0x08003c88   Section        0  app_entry.o(i.shci_notify_asynch_evt)
    i.shci_register_io_bus                   0x08003c90   Section        0  shci_tl_if.o(i.shci_register_io_bus)
    i.shci_send                              0x08003ca4   Section        0  shci_tl.o(i.shci_send)
    i.shci_user_evt_proc                     0x08003d00   Section        0  shci_tl.o(i.shci_user_evt_proc)
    .constdata                               0x08003d64   Section      283  app_debug.o(.constdata)
    aGpioConfigList                          0x08003d64   Data         256  app_debug.o(.constdata)
    .constdata                               0x08003e80   Section       93  app_ble.o(.constdata)
    M_bd_addr                                0x08003e80   Data           6  app_ble.o(.constdata)
    local_name                               0x08003e86   Data           8  app_ble.o(.constdata)
    BLE_CFG_IR_VALUE                         0x08003e8e   Data          16  app_ble.o(.constdata)
    BLE_CFG_ER_VALUE                         0x08003e9e   Data          16  app_ble.o(.constdata)
    .constdata                               0x08003ee0   Section      128  system_stm32wbxx.o(.constdata)
    .constdata                               0x08003f60   Section       32  system_stm32wbxx.o(.constdata)
    .constdata                               0x08003f80   Section       64  otas_stm.o(.constdata)
    .constdata                               0x08003fc0   Section       16  stm32_seq.o(.constdata)
    clz_table_4bit                           0x08003fc0   Data          16  stm32_seq.o(.constdata)
    .conststring                             0x08003fd0   Section      301  main.o(.conststring)
    .data                                    0x20000004   Section       12  hw_timerserver.o(.data)
    WakeupTimerDivider                       0x20000004   Data           1  hw_timerserver.o(.data)
    AsynchPrescalerUserConfig                0x20000005   Data           1  hw_timerserver.o(.data)
    SynchPrescalerUserConfig                 0x20000006   Data           2  hw_timerserver.o(.data)
    MaxWakeupTimerSetup                      0x20000008   Data           2  hw_timerserver.o(.data)
    phrtc                                    0x2000000c   Data           4  hw_timerserver.o(.data)
    .data                                    0x20000010   Section        8  hw_uart.o(.data)
    .data                                    0x20000018   Section       20  app_ble.o(.data)
    bd_addr_udn                              0x20000018   Data           6  app_ble.o(.data)
    .data                                    0x2000002c   Section        4  hw_ipcc.o(.data)
    FreeBufCb                                0x2000002c   Data           4  hw_ipcc.o(.data)
    .data                                    0x20000030   Section        4  system_stm32wbxx.o(.data)
    .data                                    0x20000034   Section       12  stm32wbxx_hal.o(.data)
    .data                                    0x20000040   Section       12  hci_tl.o(.data)
    StatusNotCallBackFunction                0x20000040   Data           4  hci_tl.o(.data)
    HciCmdEventQueue                         0x20000044   Data           8  hci_tl.o(.data)
    .data                                    0x2000004c   Section        4  shci_tl.o(.data)
    StatusNotCallBackFunction                0x2000004c   Data           4  shci_tl.o(.data)
    .data                                    0x20000050   Section       28  tl_mbox.o(.data)
    p_mem_manager_table                      0x20000050   Data           4  tl_mbox.o(.data)
    BLE_IoBusEvtCallBackFunction             0x20000054   Data           4  tl_mbox.o(.data)
    BLE_IoBusAclDataTxAck                    0x20000058   Data           4  tl_mbox.o(.data)
    SYS_CMD_IoBusCallBackFunction            0x2000005c   Data           4  tl_mbox.o(.data)
    SYS_EVT_IoBusCallBackFunction            0x20000060   Data           4  tl_mbox.o(.data)
    LocalFreeBufQueue                        0x20000064   Data           8  tl_mbox.o(.data)
    .data                                    0x2000006c   Section        8  stm32_lpm.o(.data)
    StopModeDisable                          0x2000006c   Data           4  stm32_lpm.o(.data)
    OffModeDisable                           0x20000070   Data           4  stm32_lpm.o(.data)
    .data                                    0x20000074   Section       24  stm32_seq.o(.data)
    TaskSet                                  0x20000074   Data           4  stm32_seq.o(.data)
    TaskMask                                 0x20000078   Data           4  stm32_seq.o(.data)
    SuperMask                                0x2000007c   Data           4  stm32_seq.o(.data)
    EvtSet                                   0x20000080   Data           4  stm32_seq.o(.data)
    EvtWaited                                0x20000084   Data           4  stm32_seq.o(.data)
    CurrentTaskIdx                           0x20000088   Data           4  stm32_seq.o(.data)
    BLE_DRIVER_CONTEXT                       0x2000008c   Section       10  otas_stm.o(BLE_DRIVER_CONTEXT)
    OTAS_Context                             0x2000008c   Data          10  otas_stm.o(BLE_DRIVER_CONTEXT)
    BLE_DRIVER_CONTEXT                       0x20000098   Section       36  svc_ctl.o(BLE_DRIVER_CONTEXT)
    BLE_DRIVER_CONTEXT                       0x200000bc   Section       16  hci_tl.o(BLE_DRIVER_CONTEXT)
    pCmdBuffer                               0x200000c0   Data           4  hci_tl.o(BLE_DRIVER_CONTEXT)
    HciAsynchEventQueue                      0x200000c4   Data           8  hci_tl.o(BLE_DRIVER_CONTEXT)
    SYSTEM_DRIVER_CONTEXT                    0x200000cc   Section       16  shci_tl.o(SYSTEM_DRIVER_CONTEXT)
    SHCICmdStatus                            0x200000cc   Data           1  shci_tl.o(SYSTEM_DRIVER_CONTEXT)
    pCmdBuffer                               0x200000d0   Data           4  shci_tl.o(SYSTEM_DRIVER_CONTEXT)
    SHciAsynchEventQueue                     0x200000d4   Data           8  shci_tl.o(SYSTEM_DRIVER_CONTEXT)
    TIMERSERVER_CONTEXT                      0x200000dc   Section      152  hw_timerserver.o(TIMERSERVER_CONTEXT)
    CurrentRunningTimerID                    0x200000dc   Data           1  hw_timerserver.o(TIMERSERVER_CONTEXT)
    PreviousRunningTimerID                   0x200000dd   Data           1  hw_timerserver.o(TIMERSERVER_CONTEXT)
    WakeupTimerLimitation                    0x200000de   Data           1  hw_timerserver.o(TIMERSERVER_CONTEXT)
    SSRValueOnLastSetup                      0x200000e0   Data           4  hw_timerserver.o(TIMERSERVER_CONTEXT)
    aTimerContext                            0x200000e4   Data         144  hw_timerserver.o(TIMERSERVER_CONTEXT)
    .bss                                     0x20000174   Section      140  hw_uart.o(.bss)
    .bss                                     0x20000200   Section       36  main.o(.bss)
    .bss                                     0x20000228   Section       24  otas_app.o(.bss)
    .bss                                     0x20000240   Section       24  stm32wbxx_hal_flash.o(.bss)
    .bss                                     0x20000258   Section       32  hci_tl.o(.bss)
    hciContext                               0x20000258   Data          32  hci_tl.o(.bss)
    .bss                                     0x20000278   Section       32  shci_tl.o(.bss)
    shciContext                              0x20000278   Data          32  shci_tl.o(.bss)
    .bss                                     0x20000298   Section     4128  dbg_trace.o(.bss)
    MsgDbgTraceQueue                         0x20000298   Data          32  dbg_trace.o(.bss)
    MsgDbgTraceQueueBuff                     0x200002b8   Data        4096  dbg_trace.o(.bss)
    .bss                                     0x200012b8   Section      144  stm32_seq.o(.bss)
    TaskPrio                                 0x200012b8   Data          16  stm32_seq.o(.bss)
    TaskCb                                   0x200012c8   Data         128  stm32_seq.o(.bss)
    STACK                                    0x20001348   Section     4096  startup_stm32wb55xx_cm4.o(STACK)
    MAPPING_TABLE                            0x20030000   Section       36  tl_mbox.o(MAPPING_TABLE)
    TL_RefTable                              0x20030000   Data          36  tl_mbox.o(MAPPING_TABLE)
    MB_MEM1                                  0x20030024   Section      267  app_ble.o(MB_MEM1)
    BleCmdBuffer                             0x20030024   Data         267  app_ble.o(MB_MEM1)
    MB_MEM1                                  0x20030130   Section      148  tl_mbox.o(MB_MEM1)
    TL_TracesTable                           0x20030130   Data           4  tl_mbox.o(MB_MEM1)
    TL_LldTestsTable                         0x20030134   Data           8  tl_mbox.o(MB_MEM1)
    TL_SysTable                              0x2003013c   Data           8  tl_mbox.o(MB_MEM1)
    FreeBufQueue                             0x20030144   Data           8  tl_mbox.o(MB_MEM1)
    TracesEvtQueue                           0x2003014c   Data           8  tl_mbox.o(MB_MEM1)
    TL_DeviceInfoTable                       0x20030154   Data          32  tl_mbox.o(MB_MEM1)
    TL_BleTable                              0x20030174   Data          16  tl_mbox.o(MB_MEM1)
    TL_ThreadTable                           0x20030184   Data          12  tl_mbox.o(MB_MEM1)
    TL_MemManagerTable                       0x20030190   Data          28  tl_mbox.o(MB_MEM1)
    TL_Mac_802_15_4_Table                    0x200301ac   Data          12  tl_mbox.o(MB_MEM1)
    TL_Zigbee_Table                          0x200301b8   Data          12  tl_mbox.o(MB_MEM1)
    MB_MEM2                                  0x200301c4   Section     2142  app_entry.o(MB_MEM2)
    EvtPool                                  0x200301c4   Data        1340  app_entry.o(MB_MEM2)
    SystemCmdBuffer                          0x20030700   Data         267  app_entry.o(MB_MEM2)
    SystemSpareEvtBuffer                     0x2003080c   Data         266  app_entry.o(MB_MEM2)
    BleSpareEvtBuffer                        0x20030918   Data         266  app_entry.o(MB_MEM2)
    MB_MEM2                                  0x20030a24   Section        4  app_debug.o(MB_MEM2)
    APPD_TracesConfig                        0x20030a24   Data           4  app_debug.o(MB_MEM2)
    MB_MEM2                                  0x20030a28   Section        4  app_debug.o(MB_MEM2)
    APPD_GeneralConfig                       0x20030a28   Data           4  app_debug.o(MB_MEM2)
    MB_MEM2                                  0x20030a2c   Section       31  tl_mbox.o(MB_MEM2)
    EvtQueue                                 0x20030a2c   Data           8  tl_mbox.o(MB_MEM2)
    SystemEvtQueue                           0x20030a34   Data           8  tl_mbox.o(MB_MEM2)
    CsBuffer                                 0x20030a3c   Data          15  tl_mbox.o(MB_MEM2)

    Global Symbols

    Symbol Name                              Value     Ov Type        Size  Object(Section)

    BuildAttributes$$THM_ISAv4$E$P$D$K$B$S$7EM$VFPi3$EXTD16$VFPS$VFMA$PE$A:L22UL41UL21$X:L11$S22US41US21$IEEE1$IW$USESV6$~STKCKD$USESV7$~SHL$OSPACE$ROPI$EBA8$MICROLIB$REQ8$PRES8$EABIv2 0x00000000   Number         0  anon$$obj.o ABSOLUTE
    __ARM_use_no_argv                        0x00000000   Number         0  main.o ABSOLUTE
    _printf_a                                0x00000000   Number         0  stubs.o ABSOLUTE
    _printf_c                                0x00000000   Number         0  stubs.o ABSOLUTE
    _printf_charcount                        0x00000000   Number         0  stubs.o ABSOLUTE
    _printf_d                                0x00000000   Number         0  stubs.o ABSOLUTE
    _printf_e                                0x00000000   Number         0  stubs.o ABSOLUTE
    _printf_f                                0x00000000   Number         0  stubs.o ABSOLUTE
    _printf_flags                            0x00000000   Number         0  stubs.o ABSOLUTE
    _printf_fp_dec                           0x00000000   Number         0  stubs.o ABSOLUTE
    _printf_fp_hex                           0x00000000   Number         0  stubs.o ABSOLUTE
    _printf_g                                0x00000000   Number         0  stubs.o ABSOLUTE
    _printf_i                                0x00000000   Number         0  stubs.o ABSOLUTE
    _printf_int_dec                          0x00000000   Number         0  stubs.o ABSOLUTE
    _printf_l                                0x00000000   Number         0  stubs.o ABSOLUTE
    _printf_lc                               0x00000000   Number         0  stubs.o ABSOLUTE
    _printf_ll                               0x00000000   Number         0  stubs.o ABSOLUTE
    _printf_lld                              0x00000000   Number         0  stubs.o ABSOLUTE
    _printf_lli                              0x00000000   Number         0  stubs.o ABSOLUTE
    _printf_llo                              0x00000000   Number         0  stubs.o ABSOLUTE
    _printf_llu                              0x00000000   Number         0  stubs.o ABSOLUTE
    _printf_llx                              0x00000000   Number         0  stubs.o ABSOLUTE
    _printf_longlong_dec                     0x00000000   Number         0  stubs.o ABSOLUTE
    _printf_longlong_hex                     0x00000000   Number         0  stubs.o ABSOLUTE
    _printf_longlong_oct                     0x00000000   Number         0  stubs.o ABSOLUTE
    _printf_ls                               0x00000000   Number         0  stubs.o ABSOLUTE
    _printf_mbtowc                           0x00000000   Number         0  stubs.o ABSOLUTE
    _printf_n                                0x00000000   Number         0  stubs.o ABSOLUTE
    _printf_o                                0x00000000   Number         0  stubs.o ABSOLUTE
    _printf_p                                0x00000000   Number         0  stubs.o ABSOLUTE
    _printf_percent                          0x00000000   Number         0  stubs.o ABSOLUTE
    _printf_pre_padding                      0x00000000   Number         0  stubs.o ABSOLUTE
    _printf_return_value                     0x00000000   Number         0  stubs.o ABSOLUTE
    _printf_s                                0x00000000   Number         0  stubs.o ABSOLUTE
    _printf_sizespec                         0x00000000   Number         0  stubs.o ABSOLUTE
    _printf_str                              0x00000000   Number         0  stubs.o ABSOLUTE
    _printf_truncate_signed                  0x00000000   Number         0  stubs.o ABSOLUTE
    _printf_truncate_unsigned                0x00000000   Number         0  stubs.o ABSOLUTE
    _printf_u                                0x00000000   Number         0  stubs.o ABSOLUTE
    _printf_wc                               0x00000000   Number         0  stubs.o ABSOLUTE
    _printf_wctomb                           0x00000000   Number         0  stubs.o ABSOLUTE
    _printf_widthprec                        0x00000000   Number         0  stubs.o ABSOLUTE
    _printf_x                                0x00000000   Number         0  stubs.o ABSOLUTE
    HW_TS_RTC_CountUpdated_AppNot             - Undefined Weak Reference
    __cpp_initialize__aeabi_                  - Undefined Weak Reference
    __cxa_finalize                            - Undefined Weak Reference
    _clock_init                               - Undefined Weak Reference
    _microlib_exit                            - Undefined Weak Reference
    __Vectors_Size                           0x0000013c   Number         0  startup_stm32wb55xx_cm4.o ABSOLUTE
    __Vectors                                0x08000000   Data           4  startup_stm32wb55xx_cm4.o(RESET)
    __Vectors_End                            0x0800013c   Data           0  startup_stm32wb55xx_cm4.o(RESET)
    __main                                   0x0800013d   Thumb Code     0  entry.o(.ARM.Collect$$$$00000000)
    _main_stk                                0x0800013d   Thumb Code     0  entry2.o(.ARM.Collect$$$$00000001)
    _main_scatterload                        0x08000141   Thumb Code     0  entry5.o(.ARM.Collect$$$$00000004)
    __main_after_scatterload                 0x08000145   Thumb Code     0  entry5.o(.ARM.Collect$$$$00000004)
    _main_clock                              0x08000145   Thumb Code     0  entry7b.o(.ARM.Collect$$$$00000008)
    _main_cpp_init                           0x08000145   Thumb Code     0  entry8b.o(.ARM.Collect$$$$0000000A)
    _main_init                               0x08000145   Thumb Code     0  entry9a.o(.ARM.Collect$$$$0000000B)
    __rt_final_cpp                           0x0800014d   Thumb Code     0  entry10a.o(.ARM.Collect$$$$0000000D)
    __rt_final_exit                          0x0800014d   Thumb Code     0  entry11a.o(.ARM.Collect$$$$0000000F)
    Reset_Handler                            0x08000151   Thumb Code     8  startup_stm32wb55xx_cm4.o(.text)
    MemManage_Handler                        0x0800015d   Thumb Code     2  startup_stm32wb55xx_cm4.o(.text)
    BusFault_Handler                         0x0800015f   Thumb Code     2  startup_stm32wb55xx_cm4.o(.text)
    UsageFault_Handler                       0x08000161   Thumb Code     2  startup_stm32wb55xx_cm4.o(.text)
    ADC1_IRQHandler                          0x0800016b   Thumb Code     0  startup_stm32wb55xx_cm4.o(.text)
    AES1_IRQHandler                          0x0800016b   Thumb Code     0  startup_stm32wb55xx_cm4.o(.text)
    AES2_IRQHandler                          0x0800016b   Thumb Code     0  startup_stm32wb55xx_cm4.o(.text)
    C2SEV_PWR_C2H_IRQHandler                 0x0800016b   Thumb Code     0  startup_stm32wb55xx_cm4.o(.text)
    COMP_IRQHandler                          0x0800016b   Thumb Code     0  startup_stm32wb55xx_cm4.o(.text)
    CRS_IRQHandler                           0x0800016b   Thumb Code     0  startup_stm32wb55xx_cm4.o(.text)
    DMA1_Channel1_IRQHandler                 0x0800016b   Thumb Code     0  startup_stm32wb55xx_cm4.o(.text)
    DMA1_Channel2_IRQHandler                 0x0800016b   Thumb Code     0  startup_stm32wb55xx_cm4.o(.text)
    DMA1_Channel3_IRQHandler                 0x0800016b   Thumb Code     0  startup_stm32wb55xx_cm4.o(.text)
    DMA1_Channel4_IRQHandler                 0x0800016b   Thumb Code     0  startup_stm32wb55xx_cm4.o(.text)
    DMA1_Channel5_IRQHandler                 0x0800016b   Thumb Code     0  startup_stm32wb55xx_cm4.o(.text)
    DMA1_Channel6_IRQHandler                 0x0800016b   Thumb Code     0  startup_stm32wb55xx_cm4.o(.text)
    DMA1_Channel7_IRQHandler                 0x0800016b   Thumb Code     0  startup_stm32wb55xx_cm4.o(.text)
    DMA2_Channel1_IRQHandler                 0x0800016b   Thumb Code     0  startup_stm32wb55xx_cm4.o(.text)
    DMA2_Channel2_IRQHandler                 0x0800016b   Thumb Code     0  startup_stm32wb55xx_cm4.o(.text)
    DMA2_Channel3_IRQHandler                 0x0800016b   Thumb Code     0  startup_stm32wb55xx_cm4.o(.text)
    DMA2_Channel5_IRQHandler                 0x0800016b   Thumb Code     0  startup_stm32wb55xx_cm4.o(.text)
    DMA2_Channel6_IRQHandler                 0x0800016b   Thumb Code     0  startup_stm32wb55xx_cm4.o(.text)
    DMA2_Channel7_IRQHandler                 0x0800016b   Thumb Code     0  startup_stm32wb55xx_cm4.o(.text)
    DMAMUX1_OVR_IRQHandler                   0x0800016b   Thumb Code     0  startup_stm32wb55xx_cm4.o(.text)
    EXTI0_IRQHandler                         0x0800016b   Thumb Code     0  startup_stm32wb55xx_cm4.o(.text)
    EXTI15_10_IRQHandler                     0x0800016b   Thumb Code     0  startup_stm32wb55xx_cm4.o(.text)
    EXTI1_IRQHandler                         0x0800016b   Thumb Code     0  startup_stm32wb55xx_cm4.o(.text)
    EXTI2_IRQHandler                         0x0800016b   Thumb Code     0  startup_stm32wb55xx_cm4.o(.text)
    EXTI3_IRQHandler                         0x0800016b   Thumb Code     0  startup_stm32wb55xx_cm4.o(.text)
    EXTI4_IRQHandler                         0x0800016b   Thumb Code     0  startup_stm32wb55xx_cm4.o(.text)
    EXTI9_5_IRQHandler                       0x0800016b   Thumb Code     0  startup_stm32wb55xx_cm4.o(.text)
    FLASH_IRQHandler                         0x0800016b   Thumb Code     0  startup_stm32wb55xx_cm4.o(.text)
    FPU_IRQHandler                           0x0800016b   Thumb Code     0  startup_stm32wb55xx_cm4.o(.text)
    HSEM_IRQHandler                          0x0800016b   Thumb Code     0  startup_stm32wb55xx_cm4.o(.text)
    I2C1_ER_IRQHandler                       0x0800016b   Thumb Code     0  startup_stm32wb55xx_cm4.o(.text)
    I2C1_EV_IRQHandler                       0x0800016b   Thumb Code     0  startup_stm32wb55xx_cm4.o(.text)
    I2C3_ER_IRQHandler                       0x0800016b   Thumb Code     0  startup_stm32wb55xx_cm4.o(.text)
    I2C3_EV_IRQHandler                       0x0800016b   Thumb Code     0  startup_stm32wb55xx_cm4.o(.text)
    LCD_IRQHandler                           0x0800016b   Thumb Code     0  startup_stm32wb55xx_cm4.o(.text)
    LPTIM1_IRQHandler                        0x0800016b   Thumb Code     0  startup_stm32wb55xx_cm4.o(.text)
    LPTIM2_IRQHandler                        0x0800016b   Thumb Code     0  startup_stm32wb55xx_cm4.o(.text)
    LPUART1_IRQHandler                       0x0800016b   Thumb Code     0  startup_stm32wb55xx_cm4.o(.text)
    PKA_IRQHandler                           0x0800016b   Thumb Code     0  startup_stm32wb55xx_cm4.o(.text)
    PVD_PVM_IRQHandler                       0x0800016b   Thumb Code     0  startup_stm32wb55xx_cm4.o(.text)
    PWR_SOTF_BLEACT_802ACT_RFPHASE_IRQHandler 0x0800016b   Thumb Code     0  startup_stm32wb55xx_cm4.o(.text)
    QUADSPI_IRQHandler                       0x0800016b   Thumb Code     0  startup_stm32wb55xx_cm4.o(.text)
    RCC_IRQHandler                           0x0800016b   Thumb Code     0  startup_stm32wb55xx_cm4.o(.text)
    RNG_IRQHandler                           0x0800016b   Thumb Code     0  startup_stm32wb55xx_cm4.o(.text)
    RTC_Alarm_IRQHandler                     0x0800016b   Thumb Code     0  startup_stm32wb55xx_cm4.o(.text)
    SAI1_IRQHandler                          0x0800016b   Thumb Code     0  startup_stm32wb55xx_cm4.o(.text)
    SPI1_IRQHandler                          0x0800016b   Thumb Code     0  startup_stm32wb55xx_cm4.o(.text)
    SPI2_IRQHandler                          0x0800016b   Thumb Code     0  startup_stm32wb55xx_cm4.o(.text)
    TAMP_STAMP_LSECSS_IRQHandler             0x0800016b   Thumb Code     0  startup_stm32wb55xx_cm4.o(.text)
    TIM1_BRK_IRQHandler                      0x0800016b   Thumb Code     0  startup_stm32wb55xx_cm4.o(.text)
    TIM1_CC_IRQHandler                       0x0800016b   Thumb Code     0  startup_stm32wb55xx_cm4.o(.text)
    TIM1_TRG_COM_TIM17_IRQHandler            0x0800016b   Thumb Code     0  startup_stm32wb55xx_cm4.o(.text)
    TIM1_UP_TIM16_IRQHandler                 0x0800016b   Thumb Code     0  startup_stm32wb55xx_cm4.o(.text)
    TIM2_IRQHandler                          0x0800016b   Thumb Code     0  startup_stm32wb55xx_cm4.o(.text)
    TSC_IRQHandler                           0x0800016b   Thumb Code     0  startup_stm32wb55xx_cm4.o(.text)
    USB_HP_IRQHandler                        0x0800016b   Thumb Code     0  startup_stm32wb55xx_cm4.o(.text)
    USB_LP_IRQHandler                        0x0800016b   Thumb Code     0  startup_stm32wb55xx_cm4.o(.text)
    WWDG_IRQHandler                          0x0800016b   Thumb Code     0  startup_stm32wb55xx_cm4.o(.text)
    __aeabi_uldivmod                         0x08000175   Thumb Code    98  uldiv.o(.text)
    ___aeabi_memcpy8$ret                     0x080001d7   Thumb Code     0  memcpy.o(.text)
    __aeabi_memcpy                           0x080001d7   Thumb Code    40  memcpy.o(.text)
    __aeabi_memcpy4                          0x080001d7   Thumb Code     0  memcpy.o(.text)
    memcpy                                   0x080001d7   Thumb Code     0  memcpy.o(.text)
    __aeabi_memset                           0x080001ff   Thumb Code    14  memseta.o(.text)
    __aeabi_memset4                          0x080001ff   Thumb Code     0  memseta.o(.text)
    __aeabi_memset8                          0x080001ff   Thumb Code     0  memseta.o(.text)
    __aeabi_memclr                           0x0800020d   Thumb Code     4  memseta.o(.text)
    __aeabi_memclr4                          0x0800020d   Thumb Code     0  memseta.o(.text)
    __aeabi_memclr8                          0x0800020d   Thumb Code     0  memseta.o(.text)
    memset                                   0x08000211   Thumb Code    18  memseta.o(.text)
    strlen                                   0x08000223   Thumb Code    14  strlen.o(.text)
    __aeabi_llsl                             0x08000231   Thumb Code    30  llshl.o(.text)
    _ll_shift_l                              0x08000231   Thumb Code     0  llshl.o(.text)
    __aeabi_llsr                             0x0800024f   Thumb Code    32  llushr.o(.text)
    _ll_ushift_r                             0x0800024f   Thumb Code     0  llushr.o(.text)
    __scatterload                            0x08000271   Thumb Code    28  init.o(.text)
    __scatterload_rt2                        0x08000271   Thumb Code     0  init.o(.text)
    __decompress                             0x08000295   Thumb Code     0  __dczerorl2.o(.text)
    __decompress1                            0x08000295   Thumb Code    86  __dczerorl2.o(.text)
    APPD_EnableCPU2                          0x080002ed   Thumb Code    28  app_debug.o(i.APPD_EnableCPU2)
    APPD_Init                                0x0800030d   Thumb Code    32  app_debug.o(i.APPD_Init)
    APPE_Init                                0x08000415   Thumb Code   106  app_entry.o(i.APPE_Init)
    APP_BLE_Init                             0x080005f5   Thumb Code   162  app_ble.o(i.APP_BLE_Init)
    BLS_Init                                 0x08000713   Thumb Code     2  svc_ctl.o(i.BLS_Init)
    BVOPUS_STM_Init                          0x08000715   Thumb Code     2  svc_ctl.o(i.BVOPUS_STM_Init)
    CRS_STM_Init                             0x08000887   Thumb Code     2  svc_ctl.o(i.CRS_STM_Init)
    CircularQueue_Init                       0x080008c9   Thumb Code    36  stm_queue.o(i.CircularQueue_Init)
    DIS_Init                                 0x08000919   Thumb Code     2  svc_ctl.o(i.DIS_Init)
    DMA2_Channel4_IRQHandler                 0x0800091b   Thumb Code     6  stm32wbxx_it.o(i.DMA2_Channel4_IRQHandler)
    DbgOutputInit                            0x08000921   Thumb Code     6  app_debug.o(i.DbgOutputInit)
    DbgTraceInit                             0x08000929   Thumb Code    26  dbg_trace.o(i.DbgTraceInit)
    DebugMon_Handler                         0x08000949   Thumb Code     2  stm32wbxx_it.o(i.DebugMon_Handler)
    EDS_STM_Init                             0x080009b5   Thumb Code     2  svc_ctl.o(i.EDS_STM_Init)
    FLASH_PageErase                          0x08000a21   Thumb Code    20  stm32wbxx_hal_flash_ex.o(i.FLASH_PageErase)
    FLASH_WaitForLastOperation               0x08000a8d   Thumb Code   100  stm32wbxx_hal_flash.o(i.FLASH_WaitForLastOperation)
    HAL_DBGMCU_EnableDBGSleepMode            0x08000af9   Thumb Code    12  stm32wbxx_hal.o(i.HAL_DBGMCU_EnableDBGSleepMode)
    HAL_DBGMCU_EnableDBGStopMode             0x08000b09   Thumb Code    12  stm32wbxx_hal.o(i.HAL_DBGMCU_EnableDBGStopMode)
    HAL_DMA_Abort_IT                         0x08000b19   Thumb Code   112  stm32wbxx_hal_dma.o(i.HAL_DMA_Abort_IT)
    HAL_DMA_IRQHandler                       0x08000b89   Thumb Code   186  stm32wbxx_hal_dma.o(i.HAL_DMA_IRQHandler)
    HAL_FLASHEx_Erase                        0x08000c45   Thumb Code   138  stm32wbxx_hal_flash_ex.o(i.HAL_FLASHEx_Erase)
    HAL_FLASH_Lock                           0x08000cd9   Thumb Code    22  stm32wbxx_hal_flash.o(i.HAL_FLASH_Lock)
    HAL_FLASH_Program                        0x08000cf5   Thumb Code    90  stm32wbxx_hal_flash.o(i.HAL_FLASH_Program)
    HAL_FLASH_Unlock                         0x08000d59   Thumb Code    28  stm32wbxx_hal_flash.o(i.HAL_FLASH_Unlock)
    HAL_GPIO_Init                            0x08000d81   Thumb Code   346  stm32wbxx_hal_gpio.o(i.HAL_GPIO_Init)
    HAL_GPIO_WritePin                        0x08000ef5   Thumb Code    10  stm32wbxx_hal_gpio.o(i.HAL_GPIO_WritePin)
    HAL_GetTick                              0x08000f01   Thumb Code     6  stm32wbxx_hal.o(i.HAL_GetTick)
    HAL_IncTick                              0x08000f0d   Thumb Code    12  stm32wbxx_hal.o(i.HAL_IncTick)
    HAL_Init                                 0x08000f1d   Thumb Code    30  stm32wbxx_hal.o(i.HAL_Init)
    HAL_InitTick                             0x08000f3d   Thumb Code    60  stm32wbxx_hal.o(i.HAL_InitTick)
    HAL_MspInit                              0x08000f7d   Thumb Code     2  stm32wbxx_hal.o(i.HAL_MspInit)
    HAL_NVIC_ClearPendingIRQ                 0x08000f7f   Thumb Code    26  stm32wbxx_hal_cortex.o(i.HAL_NVIC_ClearPendingIRQ)
    HAL_NVIC_DisableIRQ                      0x08000f99   Thumb Code    34  stm32wbxx_hal_cortex.o(i.HAL_NVIC_DisableIRQ)
    HAL_NVIC_EnableIRQ                       0x08000fbb   Thumb Code    26  stm32wbxx_hal_cortex.o(i.HAL_NVIC_EnableIRQ)
    HAL_NVIC_SetPendingIRQ                   0x08000fd5   Thumb Code    26  stm32wbxx_hal_cortex.o(i.HAL_NVIC_SetPendingIRQ)
    HAL_NVIC_SetPriority                     0x08000ff1   Thumb Code    60  stm32wbxx_hal_cortex.o(i.HAL_NVIC_SetPriority)
    HAL_NVIC_SetPriorityGrouping             0x08001031   Thumb Code    26  stm32wbxx_hal_cortex.o(i.HAL_NVIC_SetPriorityGrouping)
    HAL_PWREx_DisableLowPowerRunMode         0x08001055   Thumb Code    56  stm32wbxx_hal_pwr_ex.o(i.HAL_PWREx_DisableLowPowerRunMode)
    HAL_PWREx_EnableLowPowerRunMode          0x08001099   Thumb Code    12  stm32wbxx_hal_pwr_ex.o(i.HAL_PWREx_EnableLowPowerRunMode)
    HAL_PWR_EnableBkUpAccess                 0x080010a9   Thumb Code    12  stm32wbxx_hal_pwr.o(i.HAL_PWR_EnableBkUpAccess)
    HAL_PWR_EnterSLEEPMode                   0x080010b9   Thumb Code    62  stm32wbxx_hal_pwr.o(i.HAL_PWR_EnterSLEEPMode)
    HAL_RCC_GetHCLKFreq                      0x08001101   Thumb Code    30  stm32wbxx_hal_rcc.o(i.HAL_RCC_GetHCLKFreq)
    HAL_RCC_GetPCLK1Freq                     0x08001125   Thumb Code    32  stm32wbxx_hal_rcc.o(i.HAL_RCC_GetPCLK1Freq)
    HAL_RCC_GetPCLK2Freq                     0x08001149   Thumb Code    32  stm32wbxx_hal_rcc.o(i.HAL_RCC_GetPCLK2Freq)
    HAL_RCC_GetSysClockFreq                  0x0800116d   Thumb Code   140  stm32wbxx_hal_rcc.o(i.HAL_RCC_GetSysClockFreq)
    HAL_RTC_Init                             0x08001201   Thumb Code   194  stm32wbxx_hal_rtc.o(i.HAL_RTC_Init)
    HAL_RTC_MspInit                          0x080012c9   Thumb Code     2  stm32wbxx_hal_rtc.o(i.HAL_RTC_MspInit)
    HAL_RTC_WaitForSynchro                   0x080012cd   Thumb Code    54  stm32wbxx_hal_rtc.o(i.HAL_RTC_WaitForSynchro)
    HAL_SYSTICK_Config                       0x08001303   Thumb Code    40  stm32wbxx_hal_cortex.o(i.HAL_SYSTICK_Config)
    HAL_UARTEx_RxFifoFullCallback            0x0800132b   Thumb Code     2  stm32wbxx_hal_uart_ex.o(i.HAL_UARTEx_RxFifoFullCallback)
    HAL_UARTEx_TxFifoEmptyCallback           0x0800132d   Thumb Code     2  stm32wbxx_hal_uart_ex.o(i.HAL_UARTEx_TxFifoEmptyCallback)
    HAL_UARTEx_WakeupCallback                0x0800132f   Thumb Code     2  stm32wbxx_hal_uart_ex.o(i.HAL_UARTEx_WakeupCallback)
    HAL_UART_ErrorCallback                   0x08001331   Thumb Code     2  stm32wbxx_hal_uart.o(i.HAL_UART_ErrorCallback)
    HAL_UART_IRQHandler                      0x08001335   Thumb Code   438  stm32wbxx_hal_uart.o(i.HAL_UART_IRQHandler)
    HAL_UART_Init                            0x080014f9   Thumb Code   106  stm32wbxx_hal_uart.o(i.HAL_UART_Init)
    HAL_UART_MspInit                         0x08001565   Thumb Code    92  hw_uart.o(i.HAL_UART_MspInit)
    HAL_UART_Transmit                        0x080015c5   Thumb Code   188  stm32wbxx_hal_uart.o(i.HAL_UART_Transmit)
    HAL_UART_TxCpltCallback                  0x08001681   Thumb Code    20  hw_uart.o(i.HAL_UART_TxCpltCallback)
    HIDS_Init                                0x0800169d   Thumb Code     2  svc_ctl.o(i.HIDS_Init)
    HRS_Init                                 0x0800169f   Thumb Code     2  svc_ctl.o(i.HRS_Init)
    HTS_Init                                 0x080016a1   Thumb Code     2  svc_ctl.o(i.HTS_Init)
    HW_IPCC_BLE_AclDataAckNot                0x080016a5   Thumb Code     6  tl_mbox.o(i.HW_IPCC_BLE_AclDataAckNot)
    HW_IPCC_BLE_Init                         0x080016b1   Thumb Code    12  hw_ipcc.o(i.HW_IPCC_BLE_Init)
    HW_IPCC_BLE_RxEvtNot                     0x080016c1   Thumb Code    32  tl_mbox.o(i.HW_IPCC_BLE_RxEvtNot)
    HW_IPCC_BLE_SendCmd                      0x080016e9   Thumb Code    10  hw_ipcc.o(i.HW_IPCC_BLE_SendCmd)
    HW_IPCC_Enable                           0x080016f9   Thumb Code    16  hw_ipcc.o(i.HW_IPCC_Enable)
    HW_IPCC_Init                             0x0800170d   Thumb Code    56  hw_ipcc.o(i.HW_IPCC_Init)
    HW_IPCC_MM_SendFreeBuf                   0x08001749   Thumb Code    40  hw_ipcc.o(i.HW_IPCC_MM_SendFreeBuf)
    HW_IPCC_Rx_Handler                       0x08001779   Thumb Code    88  hw_ipcc.o(i.HW_IPCC_Rx_Handler)
    HW_IPCC_SYS_CmdEvtNot                    0x080017ed   Thumb Code    12  tl_mbox.o(i.HW_IPCC_SYS_CmdEvtNot)
    HW_IPCC_SYS_EvtNot                       0x08001801   Thumb Code    32  tl_mbox.o(i.HW_IPCC_SYS_EvtNot)
    HW_IPCC_SYS_Init                         0x08001829   Thumb Code    12  hw_ipcc.o(i.HW_IPCC_SYS_Init)
    HW_IPCC_SYS_SendCmd                      0x08001839   Thumb Code    18  hw_ipcc.o(i.HW_IPCC_SYS_SendCmd)
    HW_IPCC_TRACES_EvtNot                    0x08001851   Thumb Code    30  tl_mbox.o(i.HW_IPCC_TRACES_EvtNot)
    HW_IPCC_TRACES_Init                      0x08001875   Thumb Code    12  hw_ipcc.o(i.HW_IPCC_TRACES_Init)
    HW_IPCC_Tx_Handler                       0x08001885   Thumb Code   124  hw_ipcc.o(i.HW_IPCC_Tx_Handler)
    HW_TS_Init                               0x08001909   Thumb Code   268  hw_timerserver.o(i.HW_TS_Init)
    HW_TS_RTC_Int_AppNot                     0x08001a25   Thumb Code     2  hw_timerserver.o(i.HW_TS_RTC_Int_AppNot)
    HW_TS_RTC_Wakeup_Handler                 0x08001a29   Thumb Code   196  hw_timerserver.o(i.HW_TS_RTC_Wakeup_Handler)
    HW_TS_Start                              0x08001af9   Thumb Code   118  hw_timerserver.o(i.HW_TS_Start)
    HW_TS_Stop                               0x08001b79   Thumb Code   166  hw_timerserver.o(i.HW_TS_Stop)
    HW_UART_DMA_Interrupt_Handler            0x08001c31   Thumb Code    14  hw_uart.o(i.HW_UART_DMA_Interrupt_Handler)
    HW_UART_Init                             0x08001c45   Thumb Code    44  hw_uart.o(i.HW_UART_Init)
    HW_UART_Interrupt_Handler                0x08001c79   Thumb Code    12  hw_uart.o(i.HW_UART_Interrupt_Handler)
    HW_UART_Transmit                         0x08001c89   Thumb Code    48  hw_uart.o(i.HW_UART_Transmit)
    HardFault_Handler                        0x08001cc1   Thumb Code     2  stm32wbxx_it.o(i.HardFault_Handler)
    IAS_Init                                 0x08001cc3   Thumb Code     2  svc_ctl.o(i.IAS_Init)
    IPCC_C1_RX_IRQHandler                    0x08001cc5   Thumb Code     4  stm32wbxx_it.o(i.IPCC_C1_RX_IRQHandler)
    IPCC_C1_TX_IRQHandler                    0x08001cc9   Thumb Code     4  stm32wbxx_it.o(i.IPCC_C1_TX_IRQHandler)
    LLS_Init                                 0x08001d6b   Thumb Code     2  svc_ctl.o(i.LLS_Init)
    LST_init_head                            0x08001dff   Thumb Code     6  stm_list.o(i.LST_init_head)
    LST_insert_head                          0x08001e05   Thumb Code    24  stm_list.o(i.LST_insert_head)
    LST_insert_tail                          0x08001e1d   Thumb Code    24  stm_list.o(i.LST_insert_tail)
    LST_is_empty                             0x08001e35   Thumb Code    24  stm_list.o(i.LST_is_empty)
    LST_remove_head                          0x08001e4d   Thumb Code    24  stm_list.o(i.LST_remove_head)
    LST_remove_node                          0x08001e65   Thumb Code    22  stm_list.o(i.LST_remove_node)
    MESH_Init                                0x08001eb9   Thumb Code     2  svc_ctl.o(i.MESH_Init)
    MOTENV_STM_Init                          0x08001ebb   Thumb Code     2  svc_ctl.o(i.MOTENV_STM_Init)
    NMI_Handler                              0x08001ebd   Thumb Code     2  stm32wbxx_it.o(i.NMI_Handler)
    OTAS_STM_Init                            0x08001f49   Thumb Code   134  otas_stm.o(i.OTAS_STM_Init)
    OTAS_STM_Notification                    0x08001fdd   Thumb Code   432  otas_app.o(i.OTAS_STM_Notification)
    OTAS_STM_UpdateChar                      0x080021a1   Thumb Code    24  otas_stm.o(i.OTAS_STM_UpdateChar)
    OTP_Read                                 0x080021bd   Thumb Code    30  otp.o(i.OTP_Read)
    Osal_MemCpy                              0x080021e5   Thumb Code     4  osal.o(i.Osal_MemCpy)
    Osal_MemSet                              0x080021e9   Thumb Code     4  osal.o(i.Osal_MemSet)
    P2PS_STM_Init                            0x080021ed   Thumb Code     2  svc_ctl.o(i.P2PS_STM_Init)
    PendSV_Handler                           0x080021ef   Thumb Code     2  stm32wbxx_it.o(i.PendSV_Handler)
    RTC_EnterInitMode                        0x080021f1   Thumb Code    58  stm32wbxx_hal_rtc.o(i.RTC_EnterInitMode)
    RTC_WKUP_IRQHandler                      0x0800222b   Thumb Code     4  stm32wbxx_it.o(i.RTC_WKUP_IRQHandler)
    SHCI_C2_BLE_Init                         0x08002419   Thumb Code    26  shci.o(i.SHCI_C2_BLE_Init)
    SHCI_C2_DEBUG_Init                       0x08002433   Thumb Code    26  shci.o(i.SHCI_C2_DEBUG_Init)
    SHCI_C2_FUS_FwUpgrade                    0x0800244d   Thumb Code    38  shci.o(i.SHCI_C2_FUS_FwUpgrade)
    SHCI_C2_FUS_GetState                     0x08002473   Thumb Code    34  shci.o(i.SHCI_C2_FUS_GetState)
    SHCI_C2_FUS_StartWs                      0x08002495   Thumb Code    24  shci.o(i.SHCI_C2_FUS_StartWs)
    SVCCTL_App_Notification                  0x080024ad   Thumb Code    16  app_ble.o(i.SVCCTL_App_Notification)
    SVCCTL_Init                              0x080024bd   Thumb Code    18  svc_ctl.o(i.SVCCTL_Init)
    SVCCTL_InitCustomSvc                     0x080024d5   Thumb Code     2  svc_ctl.o(i.SVCCTL_InitCustomSvc)
    SVCCTL_RegisterSvcHandler                0x080024d9   Thumb Code    16  svc_ctl.o(i.SVCCTL_RegisterSvcHandler)
    SVCCTL_SvcInit                           0x080024ed   Thumb Code    68  svc_ctl.o(i.SVCCTL_SvcInit)
    SVCCTL_UserEvtRx                         0x08002531   Thumb Code    78  svc_ctl.o(i.SVCCTL_UserEvtRx)
    SVC_Handler                              0x08002585   Thumb Code     2  stm32wbxx_it.o(i.SVC_Handler)
    Serial_PutString                         0x080025b5   Thumb Code    24  main.o(i.Serial_PutString)
    SysTick_Handler                          0x080025cd   Thumb Code     4  stm32wbxx_it.o(i.SysTick_Handler)
    SystemInit                               0x080025d1   Thumb Code   126  system_stm32wbxx.o(i.SystemInit)
    TL_BLE_Init                              0x0800265d   Thumb Code    50  tl_mbox.o(i.TL_BLE_Init)
    TL_BLE_SendCmd                           0x0800269d   Thumb Code    20  tl_mbox.o(i.TL_BLE_SendCmd)
    TL_Enable                                0x080026b5   Thumb Code     4  tl_mbox.o(i.TL_Enable)
    TL_Init                                  0x080026b9   Thumb Code    42  tl_mbox.o(i.TL_Init)
    TL_MM_EvtDone                            0x080026ed   Thumb Code    20  tl_mbox.o(i.TL_MM_EvtDone)
    TL_MM_Init                               0x08002709   Thumb Code    56  tl_mbox.o(i.TL_MM_Init)
    TL_SYS_Init                              0x0800274d   Thumb Code    40  tl_mbox.o(i.TL_SYS_Init)
    TL_SYS_SendCmd                           0x08002781   Thumb Code    20  tl_mbox.o(i.TL_SYS_SendCmd)
    TL_TRACES_EvtReceived                    0x08002799   Thumb Code     2  tl_mbox.o(i.TL_TRACES_EvtReceived)
    TL_TRACES_Init                           0x0800279d   Thumb Code    24  tl_mbox.o(i.TL_TRACES_Init)
    TPS_Init                                 0x080027bd   Thumb Code     2  svc_ctl.o(i.TPS_Init)
    UART_AdvFeatureConfig                    0x08002815   Thumb Code   200  stm32wbxx_hal_uart.o(i.UART_AdvFeatureConfig)
    UART_CheckIdleState                      0x080028dd   Thumb Code    94  stm32wbxx_hal_uart.o(i.UART_CheckIdleState)
    UART_SetConfig                           0x08002975   Thumb Code  1806  stm32wbxx_hal_uart.o(i.UART_SetConfig)
    UART_WaitOnFlagUntilTimeout              0x08003085   Thumb Code   164  stm32wbxx_hal_uart.o(i.UART_WaitOnFlagUntilTimeout)
    USART1_IRQHandler                        0x08003129   Thumb Code     6  stm32wbxx_it.o(i.USART1_IRQHandler)
    UTIL_LPM_Init                            0x08003131   Thumb Code    10  stm32_lpm.o(i.UTIL_LPM_Init)
    UTIL_LPM_SetOffMode                      0x08003141   Thumb Code    32  stm32_lpm.o(i.UTIL_LPM_SetOffMode)
    UTIL_SEQ_EvtIdle                         0x08003165   Thumb Code     8  app_entry.o(i.UTIL_SEQ_EvtIdle)
    UTIL_SEQ_Idle                            0x0800316d   Thumb Code     2  app_entry.o(i.UTIL_SEQ_Idle)
    UTIL_SEQ_PauseTask                       0x08003171   Thumb Code    20  stm32_seq.o(i.UTIL_SEQ_PauseTask)
    UTIL_SEQ_PostIdle                        0x08003189   Thumb Code     2  stm32_seq.o(i.UTIL_SEQ_PostIdle)
    UTIL_SEQ_PreIdle                         0x0800318b   Thumb Code     2  stm32_seq.o(i.UTIL_SEQ_PreIdle)
    UTIL_SEQ_RegTask                         0x0800318d   Thumb Code    26  stm32_seq.o(i.UTIL_SEQ_RegTask)
    UTIL_SEQ_ResumeTask                      0x080031ad   Thumb Code    20  stm32_seq.o(i.UTIL_SEQ_ResumeTask)
    UTIL_SEQ_Run                             0x080031c5   Thumb Code   206  stm32_seq.o(i.UTIL_SEQ_Run)
    UTIL_SEQ_SetEvt                          0x0800329d   Thumb Code    20  stm32_seq.o(i.UTIL_SEQ_SetEvt)
    UTIL_SEQ_SetTask                         0x080032b5   Thumb Code    34  stm32_seq.o(i.UTIL_SEQ_SetTask)
    UTIL_SEQ_WaitEvt                         0x080032e1   Thumb Code    40  stm32_seq.o(i.UTIL_SEQ_WaitEvt)
    __scatterload_copy                       0x080033a9   Thumb Code    14  handlers.o(i.__scatterload_copy)
    __scatterload_null                       0x080033b7   Thumb Code     2  handlers.o(i.__scatterload_null)
    __scatterload_zeroinit                   0x080033b9   Thumb Code    14  handlers.o(i.__scatterload_zeroinit)
    aci_gap_init                             0x080033c7   Thumb Code   132  ble_gap_aci.o(i.aci_gap_init)
    aci_gap_set_authentication_requirement   0x0800344b   Thumb Code   114  ble_gap_aci.o(i.aci_gap_set_authentication_requirement)
    aci_gap_set_discoverable                 0x080034bd   Thumb Code   162  ble_gap_aci.o(i.aci_gap_set_discoverable)
    aci_gap_set_io_capability                0x0800355f   Thumb Code    74  ble_gap_aci.o(i.aci_gap_set_io_capability)
    aci_gap_update_adv_data                  0x080035a9   Thumb Code    88  ble_gap_aci.o(i.aci_gap_update_adv_data)
    aci_gatt_add_char                        0x08003601   Thumb Code   190  ble_gatt_aci.o(i.aci_gatt_add_char)
    aci_gatt_add_service                     0x080036bf   Thumb Code   170  ble_gatt_aci.o(i.aci_gatt_add_service)
    aci_gatt_init                            0x08003769   Thumb Code    66  ble_gatt_aci.o(i.aci_gatt_init)
    aci_gatt_update_char_value               0x080037ab   Thumb Code   108  ble_gatt_aci.o(i.aci_gatt_update_char_value)
    aci_hal_set_tx_power_level               0x08003817   Thumb Code    80  ble_hal_aci.o(i.aci_hal_set_tx_power_level)
    aci_hal_write_config_data                0x08003867   Thumb Code    98  ble_hal_aci.o(i.aci_hal_write_config_data)
    hci_cmd_resp_release                     0x080038f9   Thumb Code     6  app_ble.o(i.hci_cmd_resp_release)
    hci_cmd_resp_wait                        0x080038ff   Thumb Code     6  app_ble.o(i.hci_cmd_resp_wait)
    hci_init                                 0x08003905   Thumb Code    64  hci_tl.o(i.hci_init)
    hci_notify_asynch_evt                    0x08003955   Thumb Code     8  app_ble.o(i.hci_notify_asynch_evt)
    hci_register_io_bus                      0x0800395d   Thumb Code    10  hci_tl_if.o(i.hci_register_io_bus)
    hci_reset                                0x08003971   Thumb Code    62  ble_hci_le.o(i.hci_reset)
    hci_send_req                             0x080039b1   Thumb Code   168  hci_tl.o(i.hci_send_req)
    hci_user_evt_proc                        0x08003a65   Thumb Code    92  hci_tl.o(i.hci_user_evt_proc)
    main                                     0x08003b75   Thumb Code   146  main.o(i.main)
    shci_cmd_resp_release                    0x08003c25   Thumb Code     6  app_entry.o(i.shci_cmd_resp_release)
    shci_cmd_resp_wait                       0x08003c2b   Thumb Code     6  app_entry.o(i.shci_cmd_resp_wait)
    shci_init                                0x08003c31   Thumb Code    66  shci_tl.o(i.shci_init)
    shci_notify_asynch_evt                   0x08003c89   Thumb Code     8  app_entry.o(i.shci_notify_asynch_evt)
    shci_register_io_bus                     0x08003c91   Thumb Code    10  shci_tl_if.o(i.shci_register_io_bus)
    shci_send                                0x08003ca5   Thumb Code    82  shci_tl.o(i.shci_send)
    shci_user_evt_proc                       0x08003d01   Thumb Code    92  shci_tl.o(i.shci_user_evt_proc)
    AHBPrescTable                            0x08003ee0   Data          64  system_stm32wbxx.o(.constdata)
    MSIRangeTable                            0x08003f20   Data          64  system_stm32wbxx.o(.constdata)
    APBPrescTable                            0x08003f60   Data          32  system_stm32wbxx.o(.constdata)
    OTAS_SVC_UUID                            0x08003f80   Data          16  otas_stm.o(.constdata)
    OTA_BASE_ADR_CHAR_UUID                   0x08003f90   Data          16  otas_stm.o(.constdata)
    OTA_CONF_CHAR_UUID                       0x08003fa0   Data          16  otas_stm.o(.constdata)
    OTA_RAW_DATA_CHAR_UUID                   0x08003fb0   Data          16  otas_stm.o(.constdata)
    Region$$Table$$Base                      0x08004100   Number         0  anon$$obj.o(Region$$Table)
    Region$$Table$$Limit                     0x08004130   Number         0  anon$$obj.o(Region$$Table)
    HW_huart1RxCb                            0x20000010   Data           4  hw_uart.o(.data)
    HW_huart1TxCb                            0x20000014   Data           4  hw_uart.o(.data)
    manuf_data                               0x2000001e   Data          14  app_ble.o(.data)
    SystemCoreClock                          0x20000030   Data           4  system_stm32wbxx.o(.data)
    uwTickPrio                               0x20000034   Data           4  stm32wbxx_hal.o(.data)
    uwTickFreq                               0x20000038   Data           4  stm32wbxx_hal.o(.data)
    uwTick                                   0x2000003c   Data           4  stm32wbxx_hal.o(.data)
    SVCCTL_CltHandler                        0x20000098   Data           1  svc_ctl.o(BLE_DRIVER_CONTEXT)
    SVCCTL_EvtHandler                        0x2000009c   Data          32  svc_ctl.o(BLE_DRIVER_CONTEXT)
    UserEventFlow                            0x200000bc   Data           1  hci_tl.o(BLE_DRIVER_CONTEXT)
    SHCI_TL_UserEventFlow                    0x200000cd   Data           1  shci_tl.o(SYSTEM_DRIVER_CONTEXT)
    huart1                                   0x20000174   Data         140  hw_uart.o(.bss)
    hrtc                                     0x20000200   Data          36  main.o(.bss)
    OTAS_APP_Context                         0x20000228   Data          24  otas_app.o(.bss)
    pFlash                                   0x20000240   Data          24  stm32wbxx_hal_flash.o(.bss)
    __initial_sp                             0x20002348   Data           0  startup_stm32wb55xx_cm4.o(STACK)



==============================================================================

Memory Map of the image

  Image Entry point : 0x0800013d

  Load Region LR_IROM1 (Base: 0x08000000, Size: 0x00004cec, Max: 0x00080000, ABSOLUTE, COMPRESSED[0x0000415c])

    Execution Region ER_IROM1 (Exec base: 0x08000000, Load base: 0x08000000, Size: 0x00004130, Max: 0x00080000, ABSOLUTE)

    Exec Addr    Load Addr    Size         Type   Attr      Idx    E Section Name        Object

    0x08000000   0x08000000   0x0000013c   Data   RO         1057    RESET               startup_stm32wb55xx_cm4.o
    0x0800013c   0x0800013c   0x00000000   Code   RO         6259  * .ARM.Collect$$$$00000000  mc_w.l(entry.o)
    0x0800013c   0x0800013c   0x00000004   Code   RO         6543    .ARM.Collect$$$$00000001  mc_w.l(entry2.o)
    0x08000140   0x08000140   0x00000004   Code   RO         6546    .ARM.Collect$$$$00000004  mc_w.l(entry5.o)
    0x08000144   0x08000144   0x00000000   Code   RO         6548    .ARM.Collect$$$$00000008  mc_w.l(entry7b.o)
    0x08000144   0x08000144   0x00000000   Code   RO         6550    .ARM.Collect$$$$0000000A  mc_w.l(entry8b.o)
    0x08000144   0x08000144   0x00000008   Code   RO         6551    .ARM.Collect$$$$0000000B  mc_w.l(entry9a.o)
    0x0800014c   0x0800014c   0x00000000   Code   RO         6553    .ARM.Collect$$$$0000000D  mc_w.l(entry10a.o)
    0x0800014c   0x0800014c   0x00000000   Code   RO         6555    .ARM.Collect$$$$0000000F  mc_w.l(entry11a.o)
    0x0800014c   0x0800014c   0x00000004   Code   RO         6544    .ARM.Collect$$$$00002712  mc_w.l(entry2.o)
    0x08000150   0x08000150   0x00000024   Code   RO         1058    .text               startup_stm32wb55xx_cm4.o
    0x08000174   0x08000174   0x00000062   Code   RO         6262    .text               mc_w.l(uldiv.o)
    0x080001d6   0x080001d6   0x00000028   Code   RO         6264    .text               mc_w.l(memcpy.o)
    0x080001fe   0x080001fe   0x00000024   Code   RO         6270    .text               mc_w.l(memseta.o)
    0x08000222   0x08000222   0x0000000e   Code   RO         6272    .text               mc_w.l(strlen.o)
    0x08000230   0x08000230   0x0000001e   Code   RO         6560    .text               mc_w.l(llshl.o)
    0x0800024e   0x0800024e   0x00000020   Code   RO         6562    .text               mc_w.l(llushr.o)
    0x0800026e   0x0800026e   0x00000002   PAD
    0x08000270   0x08000270   0x00000024   Code   RO         6575    .text               mc_w.l(init.o)
    0x08000294   0x08000294   0x00000056   Code   RO         6589    .text               mc_w.l(__dczerorl2.o)
    0x080002ea   0x080002ea   0x00000002   PAD
    0x080002ec   0x080002ec   0x00000020   Code   RO          982    i.APPD_EnableCPU2   app_debug.o
    0x0800030c   0x0800030c   0x00000024   Code   RO          983    i.APPD_Init         app_debug.o
    0x08000330   0x08000330   0x000000e4   Code   RO          984    i.APPD_SetCPU2GpioConfig  app_debug.o
    0x08000414   0x08000414   0x00000084   Code   RO            4    i.APPE_Init         app_entry.o
    0x08000498   0x08000498   0x00000002   Code   RO            5    i.APPE_SysStatusNot  app_entry.o
    0x0800049a   0x0800049a   0x00000014   Code   RO            6    i.APPE_SysUserEvtRx  app_entry.o
    0x080004ae   0x080004ae   0x00000002   PAD
    0x080004b0   0x080004b0   0x00000144   Code   RO            7    i.APPE_SysevtReadyProcessing  app_entry.o
    0x080005f4   0x080005f4   0x000000c0   Code   RO         1065    i.APP_BLE_Init      app_ble.o
    0x080006b4   0x080006b4   0x00000038   Code   RO         1066    i.Adv_Request       app_ble.o
    0x080006ec   0x080006ec   0x00000012   Code   RO         1067    i.BLE_StatusNot     app_ble.o
    0x080006fe   0x080006fe   0x00000014   Code   RO         1068    i.BLE_UserEvtRx     app_ble.o
    0x08000712   0x08000712   0x00000002   Code   RO         4152    i.BLS_Init          svc_ctl.o
    0x08000714   0x08000714   0x00000002   Code   RO         4153    i.BVOPUS_STM_Init   svc_ctl.o
    0x08000716   0x08000716   0x00000002   PAD
    0x08000718   0x08000718   0x00000044   Code   RO         1069    i.BleGetBdAddress   app_ble.o
    0x0800075c   0x0800075c   0x000000d0   Code   RO         1070    i.Ble_Hci_Gap_Gatt_Init  app_ble.o
    0x0800082c   0x0800082c   0x0000005a   Code   RO         1406    i.BootModeCheck     system_stm32wbxx.o
    0x08000886   0x08000886   0x00000002   Code   RO         4154    i.CRS_STM_Init      svc_ctl.o
    0x08000888   0x08000888   0x00000040   Code   RO         1407    i.CheckFwAppValidity  system_stm32wbxx.o
    0x080008c8   0x080008c8   0x00000024   Code   RO         6019    i.CircularQueue_Init  stm_queue.o
    0x080008ec   0x080008ec   0x0000002c   Code   RO         5590    i.Cmd_SetStatus     shci_tl.o
    0x08000918   0x08000918   0x00000002   Code   RO         4155    i.DIS_Init          svc_ctl.o
    0x0800091a   0x0800091a   0x00000006   Code   RO          877    i.DMA2_Channel4_IRQHandler  stm32wbxx_it.o
    0x08000920   0x08000920   0x00000006   Code   RO          985    i.DbgOutputInit     app_debug.o
    0x08000926   0x08000926   0x00000002   PAD
    0x08000928   0x08000928   0x00000020   Code   RO         5832    i.DbgTraceInit      dbg_trace.o
    0x08000948   0x08000948   0x00000002   Code   RO          878    i.DebugMon_Handler  stm32wbxx_it.o
    0x0800094a   0x0800094a   0x00000002   PAD
    0x0800094c   0x0800094c   0x00000068   Code   RO         1071    i.Delete_Sectors    app_ble.o
    0x080009b4   0x080009b4   0x00000002   Code   RO         4156    i.EDS_STM_Init      svc_ctl.o
    0x080009b6   0x080009b6   0x00000002   PAD
    0x080009b8   0x080009b8   0x00000054   Code   RO         2087    i.FLASH_FlushCaches  stm32wbxx_hal_flash_ex.o
    0x08000a0c   0x08000a0c   0x00000014   Code   RO         2088    i.FLASH_MassErase   stm32wbxx_hal_flash_ex.o
    0x08000a20   0x08000a20   0x0000001c   Code   RO         2093    i.FLASH_PageErase   stm32wbxx_hal_flash_ex.o
    0x08000a3c   0x08000a3c   0x0000001c   Code   RO         1981    i.FLASH_Program_DoubleWord  stm32wbxx_hal_flash.o
    0x08000a58   0x08000a58   0x00000034   Code   RO         1982    i.FLASH_Program_Fast  stm32wbxx_hal_flash.o
    0x08000a8c   0x08000a8c   0x0000006c   Code   RO         1983    i.FLASH_WaitForLastOperation  stm32wbxx_hal_flash.o
    0x08000af8   0x08000af8   0x00000010   Code   RO         1480    i.HAL_DBGMCU_EnableDBGSleepMode  stm32wbxx_hal.o
    0x08000b08   0x08000b08   0x00000010   Code   RO         1482    i.HAL_DBGMCU_EnableDBGStopMode  stm32wbxx_hal.o
    0x08000b18   0x08000b18   0x00000070   Code   RO         1880    i.HAL_DMA_Abort_IT  stm32wbxx_hal_dma.o
    0x08000b88   0x08000b88   0x000000ba   Code   RO         1884    i.HAL_DMA_IRQHandler  stm32wbxx_hal_dma.o
    0x08000c42   0x08000c42   0x00000002   PAD
    0x08000c44   0x08000c44   0x00000094   Code   RO         2095    i.HAL_FLASHEx_Erase  stm32wbxx_hal_flash_ex.o
    0x08000cd8   0x08000cd8   0x0000001c   Code   RO         1987    i.HAL_FLASH_Lock    stm32wbxx_hal_flash.o
    0x08000cf4   0x08000cf4   0x00000064   Code   RO         1992    i.HAL_FLASH_Program  stm32wbxx_hal_flash.o
    0x08000d58   0x08000d58   0x00000028   Code   RO         1994    i.HAL_FLASH_Unlock  stm32wbxx_hal_flash.o
    0x08000d80   0x08000d80   0x00000174   Code   RO         2198    i.HAL_GPIO_Init     stm32wbxx_hal_gpio.o
    0x08000ef4   0x08000ef4   0x0000000a   Code   RO         2202    i.HAL_GPIO_WritePin  stm32wbxx_hal_gpio.o
    0x08000efe   0x08000efe   0x00000002   PAD
    0x08000f00   0x08000f00   0x0000000c   Code   RO         1488    i.HAL_GetTick       stm32wbxx_hal.o
    0x08000f0c   0x08000f0c   0x00000010   Code   RO         1494    i.HAL_IncTick       stm32wbxx_hal.o
    0x08000f1c   0x08000f1c   0x0000001e   Code   RO         1495    i.HAL_Init          stm32wbxx_hal.o
    0x08000f3a   0x08000f3a   0x00000002   PAD
    0x08000f3c   0x08000f3c   0x00000040   Code   RO         1496    i.HAL_InitTick      stm32wbxx_hal.o
    0x08000f7c   0x08000f7c   0x00000002   Code   RO         1498    i.HAL_MspInit       stm32wbxx_hal.o
    0x08000f7e   0x08000f7e   0x0000001a   Code   RO         1750    i.HAL_NVIC_ClearPendingIRQ  stm32wbxx_hal_cortex.o
    0x08000f98   0x08000f98   0x00000022   Code   RO         1751    i.HAL_NVIC_DisableIRQ  stm32wbxx_hal_cortex.o
    0x08000fba   0x08000fba   0x0000001a   Code   RO         1752    i.HAL_NVIC_EnableIRQ  stm32wbxx_hal_cortex.o
    0x08000fd4   0x08000fd4   0x0000001a   Code   RO         1756    i.HAL_NVIC_SetPendingIRQ  stm32wbxx_hal_cortex.o
    0x08000fee   0x08000fee   0x00000002   PAD
    0x08000ff0   0x08000ff0   0x00000040   Code   RO         1757    i.HAL_NVIC_SetPriority  stm32wbxx_hal_cortex.o
    0x08001030   0x08001030   0x00000024   Code   RO         1758    i.HAL_NVIC_SetPriorityGrouping  stm32wbxx_hal_cortex.o
    0x08001054   0x08001054   0x00000044   Code   RO         2391    i.HAL_PWREx_DisableLowPowerRunMode  stm32wbxx_hal_pwr_ex.o
    0x08001098   0x08001098   0x00000010   Code   RO         2407    i.HAL_PWREx_EnableLowPowerRunMode  stm32wbxx_hal_pwr_ex.o
    0x080010a8   0x080010a8   0x00000010   Code   RO         2268    i.HAL_PWR_EnableBkUpAccess  stm32wbxx_hal_pwr.o
    0x080010b8   0x080010b8   0x00000048   Code   RO         2273    i.HAL_PWR_EnterSLEEPMode  stm32wbxx_hal_pwr.o
    0x08001100   0x08001100   0x00000024   Code   RO         2721    i.HAL_RCC_GetHCLKFreq  stm32wbxx_hal_rcc.o
    0x08001124   0x08001124   0x00000024   Code   RO         2723    i.HAL_RCC_GetPCLK1Freq  stm32wbxx_hal_rcc.o
    0x08001148   0x08001148   0x00000024   Code   RO         2724    i.HAL_RCC_GetPCLK2Freq  stm32wbxx_hal_rcc.o
    0x0800116c   0x0800116c   0x00000094   Code   RO         2725    i.HAL_RCC_GetSysClockFreq  stm32wbxx_hal_rcc.o
    0x08001200   0x08001200   0x000000c8   Code   RO         3246    i.HAL_RTC_Init      stm32wbxx_hal_rtc.o
    0x080012c8   0x080012c8   0x00000002   Code   RO         3248    i.HAL_RTC_MspInit   stm32wbxx_hal_rtc.o
    0x080012ca   0x080012ca   0x00000002   PAD
    0x080012cc   0x080012cc   0x00000036   Code   RO         3254    i.HAL_RTC_WaitForSynchro  stm32wbxx_hal_rtc.o
    0x08001302   0x08001302   0x00000028   Code   RO         1762    i.HAL_SYSTICK_Config  stm32wbxx_hal_cortex.o
    0x0800132a   0x0800132a   0x00000002   Code   RO         4018    i.HAL_UARTEx_RxFifoFullCallback  stm32wbxx_hal_uart_ex.o
    0x0800132c   0x0800132c   0x00000002   Code   RO         4022    i.HAL_UARTEx_TxFifoEmptyCallback  stm32wbxx_hal_uart_ex.o
    0x0800132e   0x0800132e   0x00000002   Code   RO         4023    i.HAL_UARTEx_WakeupCallback  stm32wbxx_hal_uart_ex.o
    0x08001330   0x08001330   0x00000002   Code   RO         3639    i.HAL_UART_ErrorCallback  stm32wbxx_hal_uart.o
    0x08001332   0x08001332   0x00000002   PAD
    0x08001334   0x08001334   0x000001c4   Code   RO         3642    i.HAL_UART_IRQHandler  stm32wbxx_hal_uart.o
    0x080014f8   0x080014f8   0x0000006a   Code   RO         3643    i.HAL_UART_Init     stm32wbxx_hal_uart.o
    0x08001562   0x08001562   0x00000002   PAD
    0x08001564   0x08001564   0x00000060   Code   RO          712    i.HAL_UART_MspInit  hw_uart.o
    0x080015c4   0x080015c4   0x000000bc   Code   RO         3652    i.HAL_UART_Transmit  stm32wbxx_hal_uart.o
    0x08001680   0x08001680   0x0000001c   Code   RO          714    i.HAL_UART_TxCpltCallback  hw_uart.o
    0x0800169c   0x0800169c   0x00000002   Code   RO         4157    i.HIDS_Init         svc_ctl.o
    0x0800169e   0x0800169e   0x00000002   Code   RO         4158    i.HRS_Init          svc_ctl.o
    0x080016a0   0x080016a0   0x00000002   Code   RO         4159    i.HTS_Init          svc_ctl.o
    0x080016a2   0x080016a2   0x00000002   PAD
    0x080016a4   0x080016a4   0x0000000c   Code   RO         5706    i.HW_IPCC_BLE_AclDataAckNot  tl_mbox.o
    0x080016b0   0x080016b0   0x00000010   Code   RO         1270    i.HW_IPCC_BLE_Init  hw_ipcc.o
    0x080016c0   0x080016c0   0x00000028   Code   RO         5707    i.HW_IPCC_BLE_RxEvtNot  tl_mbox.o
    0x080016e8   0x080016e8   0x00000010   Code   RO         1273    i.HW_IPCC_BLE_SendCmd  hw_ipcc.o
    0x080016f8   0x080016f8   0x00000014   Code   RO         1274    i.HW_IPCC_Enable    hw_ipcc.o
    0x0800170c   0x0800170c   0x0000003c   Code   RO         1275    i.HW_IPCC_Init      hw_ipcc.o
    0x08001748   0x08001748   0x00000030   Code   RO         1276    i.HW_IPCC_MM_SendFreeBuf  hw_ipcc.o
    0x08001778   0x08001778   0x0000005c   Code   RO         1277    i.HW_IPCC_Rx_Handler  hw_ipcc.o
    0x080017d4   0x080017d4   0x00000018   Code   RO         1278    i.HW_IPCC_SYS_CmdEvtHandler  hw_ipcc.o
    0x080017ec   0x080017ec   0x00000014   Code   RO         5708    i.HW_IPCC_SYS_CmdEvtNot  tl_mbox.o
    0x08001800   0x08001800   0x00000028   Code   RO         5709    i.HW_IPCC_SYS_EvtNot  tl_mbox.o
    0x08001828   0x08001828   0x00000010   Code   RO         1281    i.HW_IPCC_SYS_Init  hw_ipcc.o
    0x08001838   0x08001838   0x00000018   Code   RO         1282    i.HW_IPCC_SYS_SendCmd  hw_ipcc.o
    0x08001850   0x08001850   0x00000024   Code   RO         5710    i.HW_IPCC_TRACES_EvtNot  tl_mbox.o
    0x08001874   0x08001874   0x00000010   Code   RO         1284    i.HW_IPCC_TRACES_Init  hw_ipcc.o
    0x08001884   0x08001884   0x00000084   Code   RO         1285    i.HW_IPCC_Tx_Handler  hw_ipcc.o
    0x08001908   0x08001908   0x0000011c   Code   RO          600    i.HW_TS_Init        hw_timerserver.o
    0x08001a24   0x08001a24   0x00000002   Code   RO          601    i.HW_TS_RTC_Int_AppNot  hw_timerserver.o
    0x08001a26   0x08001a26   0x00000002   PAD
    0x08001a28   0x08001a28   0x000000d0   Code   RO          603    i.HW_TS_RTC_Wakeup_Handler  hw_timerserver.o
    0x08001af8   0x08001af8   0x00000080   Code   RO          604    i.HW_TS_Start       hw_timerserver.o
    0x08001b78   0x08001b78   0x000000b8   Code   RO          605    i.HW_TS_Stop        hw_timerserver.o
    0x08001c30   0x08001c30   0x00000014   Code   RO          715    i.HW_UART_DMA_Interrupt_Handler  hw_uart.o
    0x08001c44   0x08001c44   0x00000034   Code   RO          716    i.HW_UART_Init      hw_uart.o
    0x08001c78   0x08001c78   0x00000010   Code   RO          717    i.HW_UART_Interrupt_Handler  hw_uart.o
    0x08001c88   0x08001c88   0x00000038   Code   RO          719    i.HW_UART_Transmit  hw_uart.o
    0x08001cc0   0x08001cc0   0x00000002   Code   RO          879    i.HardFault_Handler  stm32wbxx_it.o
    0x08001cc2   0x08001cc2   0x00000002   Code   RO         4160    i.IAS_Init          svc_ctl.o
    0x08001cc4   0x08001cc4   0x00000004   Code   RO          880    i.IPCC_C1_RX_IRQHandler  stm32wbxx_it.o
    0x08001cc8   0x08001cc8   0x00000004   Code   RO          881    i.IPCC_C1_TX_IRQHandler  stm32wbxx_it.o
    0x08001ccc   0x08001ccc   0x00000058   Code   RO          804    i.Init_RTC          main.o
    0x08001d24   0x08001d24   0x00000020   Code   RO         1408    i.JumpFwApp         system_stm32wbxx.o
    0x08001d44   0x08001d44   0x00000026   Code   RO         1409    i.JumpSelectionOnPowerUp  system_stm32wbxx.o
    0x08001d6a   0x08001d6a   0x00000002   Code   RO         4161    i.LLS_Init          svc_ctl.o
    0x08001d6c   0x08001d6c   0x00000014   Code   RO          987    i.LL_AHB2_GRP1_EnableClock  app_debug.o
    0x08001d80   0x08001d80   0x0000000e   Code   RO         1286    i.LL_C1_IPCC_IsActiveFlag_CHx  hw_ipcc.o
    0x08001d8e   0x08001d8e   0x0000001a   Code   RO          988    i.LL_C2_AHB2_GRP1_EnableClock  app_debug.o
    0x08001da8   0x08001da8   0x0000000e   Code   RO         1287    i.LL_C2_IPCC_IsActiveFlag_CHx  hw_ipcc.o
    0x08001db6   0x08001db6   0x00000002   PAD
    0x08001db8   0x08001db8   0x0000001c   Code   RO         1233    i.LL_HSEM_1StepLock  otas_app.o
    0x08001dd4   0x08001dd4   0x0000000c   Code   RO         2730    i.LL_RCC_GetSysClkSource  stm32wbxx_hal_rcc.o
    0x08001de0   0x08001de0   0x00000012   Code   RO         2735    i.LL_RCC_MSI_GetRange  stm32wbxx_hal_rcc.o
    0x08001df2   0x08001df2   0x0000000c   Code   RO         2739    i.LL_RCC_PLL_GetMainSource  stm32wbxx_hal_rcc.o
    0x08001dfe   0x08001dfe   0x00000006   Code   RO         5930    i.LST_init_head     stm_list.o
    0x08001e04   0x08001e04   0x00000018   Code   RO         5931    i.LST_insert_head   stm_list.o
    0x08001e1c   0x08001e1c   0x00000018   Code   RO         5934    i.LST_insert_tail   stm_list.o
    0x08001e34   0x08001e34   0x00000018   Code   RO         5935    i.LST_is_empty      stm_list.o
    0x08001e4c   0x08001e4c   0x00000018   Code   RO         5936    i.LST_remove_head   stm_list.o
    0x08001e64   0x08001e64   0x00000016   Code   RO         5937    i.LST_remove_node   stm_list.o
    0x08001e7a   0x08001e7a   0x00000002   PAD
    0x08001e7c   0x08001e7c   0x0000003c   Code   RO          606    i.LinkTimerBefore   hw_timerserver.o
    0x08001eb8   0x08001eb8   0x00000002   Code   RO         4162    i.MESH_Init         svc_ctl.o
    0x08001eba   0x08001eba   0x00000002   Code   RO         4163    i.MOTENV_STM_Init   svc_ctl.o
    0x08001ebc   0x08001ebc   0x00000002   Code   RO          882    i.NMI_Handler       stm32wbxx_it.o
    0x08001ebe   0x08001ebe   0x00000002   PAD
    0x08001ec0   0x08001ec0   0x0000001c   Code   RO         5523    i.NotifyCmdStatus   hci_tl.o
    0x08001edc   0x08001edc   0x0000006c   Code   RO         4107    i.OTAS_Event_Handler  otas_stm.o
    0x08001f48   0x08001f48   0x00000094   Code   RO         4108    i.OTAS_STM_Init     otas_stm.o
    0x08001fdc   0x08001fdc   0x000001c4   Code   RO         1234    i.OTAS_STM_Notification  otas_app.o
    0x080021a0   0x080021a0   0x0000001c   Code   RO         4109    i.OTAS_STM_UpdateChar  otas_stm.o
    0x080021bc   0x080021bc   0x00000028   Code   RO         5903    i.OTP_Read          otp.o
    0x080021e4   0x080021e4   0x00000004   Code   RO         5341    i.Osal_MemCpy       osal.o
    0x080021e8   0x080021e8   0x00000004   Code   RO         5342    i.Osal_MemSet       osal.o
    0x080021ec   0x080021ec   0x00000002   Code   RO         4165    i.P2PS_STM_Init     svc_ctl.o
    0x080021ee   0x080021ee   0x00000002   Code   RO          886    i.PendSV_Handler    stm32wbxx_it.o
    0x080021f0   0x080021f0   0x0000003a   Code   RO         3257    i.RTC_EnterInitMode  stm32wbxx_hal_rtc.o
    0x0800222a   0x0800222a   0x00000004   Code   RO          887    i.RTC_WKUP_IRQHandler  stm32wbxx_it.o
    0x0800222e   0x0800222e   0x00000002   PAD
    0x08002230   0x08002230   0x00000018   Code   RO          607    i.ReadRtcSsrValue   hw_timerserver.o
    0x08002248   0x08002248   0x0000009c   Code   RO          608    i.RescheduleTimerList  hw_timerserver.o
    0x080022e4   0x080022e4   0x00000078   Code   RO          805    i.Reset_Device      main.o
    0x0800235c   0x0800235c   0x00000084   Code   RO          609    i.RestartWakeupCounter  hw_timerserver.o
    0x080023e0   0x080023e0   0x00000038   Code   RO          610    i.ReturnTimeElapsed  hw_timerserver.o
    0x08002418   0x08002418   0x0000001a   Code   RO         5367    i.SHCI_C2_BLE_Init  shci.o
    0x08002432   0x08002432   0x0000001a   Code   RO         5369    i.SHCI_C2_DEBUG_Init  shci.o
    0x0800244c   0x0800244c   0x00000026   Code   RO         5374    i.SHCI_C2_FUS_FwUpgrade  shci.o
    0x08002472   0x08002472   0x00000022   Code   RO         5375    i.SHCI_C2_FUS_GetState  shci.o
    0x08002494   0x08002494   0x00000018   Code   RO         5379    i.SHCI_C2_FUS_StartWs  shci.o
    0x080024ac   0x080024ac   0x00000010   Code   RO         1072    i.SVCCTL_App_Notification  app_ble.o
    0x080024bc   0x080024bc   0x00000018   Code   RO         4166    i.SVCCTL_Init       svc_ctl.o
    0x080024d4   0x080024d4   0x00000002   Code   RO         4167    i.SVCCTL_InitCustomSvc  svc_ctl.o
    0x080024d6   0x080024d6   0x00000002   PAD
    0x080024d8   0x080024d8   0x00000014   Code   RO         4169    i.SVCCTL_RegisterSvcHandler  svc_ctl.o
    0x080024ec   0x080024ec   0x00000044   Code   RO         4170    i.SVCCTL_SvcInit    svc_ctl.o
    0x08002530   0x08002530   0x00000054   Code   RO         4171    i.SVCCTL_UserEvtRx  svc_ctl.o
    0x08002584   0x08002584   0x00000002   Code   RO          888    i.SVC_Handler       stm32wbxx_it.o
    0x08002586   0x08002586   0x00000002   PAD
    0x08002588   0x08002588   0x0000002c   Code   RO         5711    i.SendFreeBuf       tl_mbox.o
    0x080025b4   0x080025b4   0x00000018   Code   RO          806    i.Serial_PutString  main.o
    0x080025cc   0x080025cc   0x00000004   Code   RO          889    i.SysTick_Handler   stm32wbxx_it.o
    0x080025d0   0x080025d0   0x0000008c   Code   RO         1411    i.SystemInit        system_stm32wbxx.o
    0x0800265c   0x0800265c   0x00000040   Code   RO         5712    i.TL_BLE_Init       tl_mbox.o
    0x0800269c   0x0800269c   0x00000018   Code   RO         5714    i.TL_BLE_SendCmd    tl_mbox.o
    0x080026b4   0x080026b4   0x00000004   Code   RO         5715    i.TL_Enable         tl_mbox.o
    0x080026b8   0x080026b8   0x00000034   Code   RO         5716    i.TL_Init           tl_mbox.o
    0x080026ec   0x080026ec   0x0000001c   Code   RO         5717    i.TL_MM_EvtDone     tl_mbox.o
    0x08002708   0x08002708   0x00000044   Code   RO         5718    i.TL_MM_Init        tl_mbox.o
    0x0800274c   0x0800274c   0x00000034   Code   RO         5719    i.TL_SYS_Init       tl_mbox.o
    0x08002780   0x08002780   0x00000018   Code   RO         5720    i.TL_SYS_SendCmd    tl_mbox.o
    0x08002798   0x08002798   0x00000002   Code   RO         5721    i.TL_TRACES_EvtReceived  tl_mbox.o
    0x0800279a   0x0800279a   0x00000002   PAD
    0x0800279c   0x0800279c   0x00000020   Code   RO         5722    i.TL_TRACES_Init    tl_mbox.o
    0x080027bc   0x080027bc   0x00000002   Code   RO         4172    i.TPS_Init          svc_ctl.o
    0x080027be   0x080027be   0x00000006   Code   RO         5591    i.TlCmdEvtReceived  shci_tl.o
    0x080027c4   0x080027c4   0x00000038   Code   RO         5524    i.TlEvtReceived     hci_tl.o
    0x080027fc   0x080027fc   0x00000018   Code   RO         5592    i.TlUserEvtReceived  shci_tl.o
    0x08002814   0x08002814   0x000000c8   Code   RO         3657    i.UART_AdvFeatureConfig  stm32wbxx_hal_uart.o
    0x080028dc   0x080028dc   0x0000005e   Code   RO         3658    i.UART_CheckIdleState  stm32wbxx_hal_uart.o
    0x0800293a   0x0800293a   0x00000014   Code   RO         3659    i.UART_DMAAbortOnError  stm32wbxx_hal_uart.o
    0x0800294e   0x0800294e   0x00000002   PAD
    0x08002950   0x08002950   0x00000024   Code   RO         3669    i.UART_EndRxTransfer  stm32wbxx_hal_uart.o
    0x08002974   0x08002974   0x0000070e   Code   RO         3675    i.UART_SetConfig    stm32wbxx_hal_uart.o
    0x08003082   0x08003082   0x00000002   PAD
    0x08003084   0x08003084   0x000000a4   Code   RO         3680    i.UART_WaitOnFlagUntilTimeout  stm32wbxx_hal_uart.o
    0x08003128   0x08003128   0x00000006   Code   RO          890    i.USART1_IRQHandler  stm32wbxx_it.o
    0x0800312e   0x0800312e   0x00000002   PAD
    0x08003130   0x08003130   0x00000010   Code   RO         6086    i.UTIL_LPM_Init     stm32_lpm.o
    0x08003140   0x08003140   0x00000024   Code   RO         6087    i.UTIL_LPM_SetOffMode  stm32_lpm.o
    0x08003164   0x08003164   0x00000008   Code   RO            8    i.UTIL_SEQ_EvtIdle  app_entry.o
    0x0800316c   0x0800316c   0x00000002   Code   RO            9    i.UTIL_SEQ_Idle     app_entry.o
    0x0800316e   0x0800316e   0x00000002   PAD
    0x08003170   0x08003170   0x00000018   Code   RO         6151    i.UTIL_SEQ_PauseTask  stm32_seq.o
    0x08003188   0x08003188   0x00000002   Code   RO         6152    i.UTIL_SEQ_PostIdle  stm32_seq.o
    0x0800318a   0x0800318a   0x00000002   Code   RO         6153    i.UTIL_SEQ_PreIdle  stm32_seq.o
    0x0800318c   0x0800318c   0x00000020   Code   RO         6154    i.UTIL_SEQ_RegTask  stm32_seq.o
    0x080031ac   0x080031ac   0x00000018   Code   RO         6155    i.UTIL_SEQ_ResumeTask  stm32_seq.o
    0x080031c4   0x080031c4   0x000000d8   Code   RO         6156    i.UTIL_SEQ_Run      stm32_seq.o
    0x0800329c   0x0800329c   0x00000018   Code   RO         6157    i.UTIL_SEQ_SetEvt   stm32_seq.o
    0x080032b4   0x080032b4   0x0000002c   Code   RO         6158    i.UTIL_SEQ_SetTask  stm32_seq.o
    0x080032e0   0x080032e0   0x0000002c   Code   RO         6159    i.UTIL_SEQ_WaitEvt  stm32_seq.o
    0x0800330c   0x0800330c   0x00000058   Code   RO          611    i.UnlinkTimer       hw_timerserver.o
    0x08003364   0x08003364   0x00000020   Code   RO         1764    i.__NVIC_SetPriority  stm32wbxx_hal_cortex.o
    0x08003384   0x08003384   0x00000024   Code   RO           10    i.__NVIC_SystemReset  app_entry.o
    0x080033a8   0x080033a8   0x0000000e   Code   RO         6583    i.__scatterload_copy  mc_w.l(handlers.o)
    0x080033b6   0x080033b6   0x00000002   Code   RO         6584    i.__scatterload_null  mc_w.l(handlers.o)
    0x080033b8   0x080033b8   0x0000000e   Code   RO         6585    i.__scatterload_zeroinit  mc_w.l(handlers.o)
    0x080033c6   0x080033c6   0x00000084   Code   RO         4306    i.aci_gap_init      ble_gap_aci.o
    0x0800344a   0x0800344a   0x00000072   Code   RO         4314    i.aci_gap_set_authentication_requirement  ble_gap_aci.o
    0x080034bc   0x080034bc   0x000000a2   Code   RO         4318    i.aci_gap_set_discoverable  ble_gap_aci.o
    0x0800355e   0x0800355e   0x0000004a   Code   RO         4320    i.aci_gap_set_io_capability  ble_gap_aci.o
    0x080035a8   0x080035a8   0x00000058   Code   RO         4337    i.aci_gap_update_adv_data  ble_gap_aci.o
    0x08003600   0x08003600   0x000000be   Code   RO         4572    i.aci_gatt_add_char  ble_gatt_aci.o
    0x080036be   0x080036be   0x000000aa   Code   RO         4574    i.aci_gatt_add_service  ble_gatt_aci.o
    0x08003768   0x08003768   0x00000042   Code   RO         4589    i.aci_gatt_init     ble_gatt_aci.o
    0x080037aa   0x080037aa   0x0000006c   Code   RO         4602    i.aci_gatt_update_char_value  ble_gatt_aci.o
    0x08003816   0x08003816   0x00000050   Code   RO         4855    i.aci_hal_set_tx_power_level  ble_hal_aci.o
    0x08003866   0x08003866   0x00000062   Code   RO         4859    i.aci_hal_write_config_data  ble_hal_aci.o
    0x080038c8   0x080038c8   0x00000030   Code   RO         6160    i.bit_position      stm32_seq.o
    0x080038f8   0x080038f8   0x00000006   Code   RO         1074    i.hci_cmd_resp_release  app_ble.o
    0x080038fe   0x080038fe   0x00000006   Code   RO         1075    i.hci_cmd_resp_wait  app_ble.o
    0x08003904   0x08003904   0x00000050   Code   RO         5525    i.hci_init          hci_tl.o
    0x08003954   0x08003954   0x00000008   Code   RO         1076    i.hci_notify_asynch_evt  app_ble.o
    0x0800395c   0x0800395c   0x00000014   Code   RO         5655    i.hci_register_io_bus  hci_tl_if.o
    0x08003970   0x08003970   0x0000003e   Code   RO         5021    i.hci_reset         ble_hci_le.o
    0x080039ae   0x080039ae   0x00000002   PAD
    0x080039b0   0x080039b0   0x000000b4   Code   RO         5527    i.hci_send_req      hci_tl.o
    0x08003a64   0x08003a64   0x00000064   Code   RO         5528    i.hci_user_evt_proc  hci_tl.o
    0x08003ac8   0x08003ac8   0x000000ac   Code   RO          612    i.linkTimer         hw_timerserver.o
    0x08003b74   0x08003b74   0x000000b0   Code   RO          807    i.main              main.o
    0x08003c24   0x08003c24   0x00000006   Code   RO           11    i.shci_cmd_resp_release  app_entry.o
    0x08003c2a   0x08003c2a   0x00000006   Code   RO           12    i.shci_cmd_resp_wait  app_entry.o
    0x08003c30   0x08003c30   0x00000058   Code   RO         5593    i.shci_init         shci_tl.o
    0x08003c88   0x08003c88   0x00000008   Code   RO           13    i.shci_notify_asynch_evt  app_entry.o
    0x08003c90   0x08003c90   0x00000014   Code   RO         5679    i.shci_register_io_bus  shci_tl_if.o
    0x08003ca4   0x08003ca4   0x0000005c   Code   RO         5595    i.shci_send         shci_tl.o
    0x08003d00   0x08003d00   0x00000064   Code   RO         5596    i.shci_user_evt_proc  shci_tl.o
    0x08003d64   0x08003d64   0x0000011b   Data   RO          989    .constdata          app_debug.o
    0x08003e7f   0x08003e7f   0x00000001   PAD
    0x08003e80   0x08003e80   0x0000005d   Data   RO         1077    .constdata          app_ble.o
    0x08003edd   0x08003edd   0x00000003   PAD
    0x08003ee0   0x08003ee0   0x00000080   Data   RO         1412    .constdata          system_stm32wbxx.o
    0x08003f60   0x08003f60   0x00000020   Data   RO         1413    .constdata          system_stm32wbxx.o
    0x08003f80   0x08003f80   0x00000040   Data   RO         4110    .constdata          otas_stm.o
    0x08003fc0   0x08003fc0   0x00000010   Data   RO         6162    .constdata          stm32_seq.o
    0x08003fd0   0x08003fd0   0x0000012d   Data   RO          809    .conststring        main.o
    0x080040fd   0x080040fd   0x00000003   PAD
    0x08004100   0x08004100   0x00000030   Data   RO         6581    Region$$Table       anon$$obj.o


    Execution Region RW_IRAM1 (Exec base: 0x20000004, Load base: 0x08004130, Size: 0x00002344, Max: 0x0002fffc, ABSOLUTE, COMPRESSED[0x00000014])

    Exec Addr    Load Addr    Size         Type   Attr      Idx    E Section Name        Object

    0x20000004   COMPRESSED   0x0000000c   Data   RW          613    .data               hw_timerserver.o
    0x20000010   COMPRESSED   0x00000008   Data   RW          724    .data               hw_uart.o
    0x20000018   COMPRESSED   0x00000014   Data   RW         1078    .data               app_ble.o
    0x2000002c   COMPRESSED   0x00000004   Data   RW         1288    .data               hw_ipcc.o
    0x20000030   COMPRESSED   0x00000004   Data   RW         1415    .data               system_stm32wbxx.o
    0x20000034   COMPRESSED   0x0000000c   Data   RW         1517    .data               stm32wbxx_hal.o
    0x20000040   COMPRESSED   0x0000000c   Data   RW         5530    .data               hci_tl.o
    0x2000004c   COMPRESSED   0x00000004   Data   RW         5598    .data               shci_tl.o
    0x20000050   COMPRESSED   0x0000001c   Data   RW         5723    .data               tl_mbox.o
    0x2000006c   COMPRESSED   0x00000008   Data   RW         6089    .data               stm32_lpm.o
    0x20000074   COMPRESSED   0x00000018   Data   RW         6163    .data               stm32_seq.o
    0x2000008c   COMPRESSED   0x0000000a   Data   RW         4111    BLE_DRIVER_CONTEXT  otas_stm.o
    0x20000096   COMPRESSED   0x00000002   PAD
    0x20000098   COMPRESSED   0x00000024   Data   RW         4173    BLE_DRIVER_CONTEXT  svc_ctl.o
    0x200000bc   COMPRESSED   0x00000010   Data   RW         5532    BLE_DRIVER_CONTEXT  hci_tl.o
    0x200000cc   COMPRESSED   0x00000010   Data   RW         5599    SYSTEM_DRIVER_CONTEXT  shci_tl.o
    0x200000dc   COMPRESSED   0x00000098   Data   RW          614    TIMERSERVER_CONTEXT  hw_timerserver.o
    0x20000174        -       0x0000008c   Zero   RW          722    .bss                hw_uart.o
    0x20000200        -       0x00000024   Zero   RW          808    .bss                main.o
    0x20000224   COMPRESSED   0x00000004   PAD
    0x20000228        -       0x00000018   Zero   RW         1235    .bss                otas_app.o
    0x20000240        -       0x00000018   Zero   RW         1995    .bss                stm32wbxx_hal_flash.o
    0x20000258        -       0x00000020   Zero   RW         5529    .bss                hci_tl.o
    0x20000278        -       0x00000020   Zero   RW         5597    .bss                shci_tl.o
    0x20000298        -       0x00001020   Zero   RW         5837    .bss                dbg_trace.o
    0x200012b8        -       0x00000090   Zero   RW         6161    .bss                stm32_seq.o
    0x20001348        -       0x00001000   Zero   RW         1055    STACK               startup_stm32wb55xx_cm4.o


    Execution Region RW_RAM_SHARED (Exec base: 0x20030000, Load base: 0x08004144, Size: 0x00000a4c, Max: 0x00002800, ABSOLUTE, COMPRESSED[0x00000018])

    Exec Addr    Load Addr    Size         Type   Attr      Idx    E Section Name        Object

    0x20030000   COMPRESSED   0x00000024   Data   RW         5724    MAPPING_TABLE       tl_mbox.o
    0x20030024   COMPRESSED   0x0000010b   Data   RW         1079    MB_MEM1             app_ble.o
    0x2003012f   COMPRESSED   0x00000001   PAD
    0x20030130   COMPRESSED   0x00000094   Data   RW         5725    MB_MEM1             tl_mbox.o
    0x200301c4   COMPRESSED   0x0000085e   Data   RW           14    MB_MEM2             app_entry.o
    0x20030a22   COMPRESSED   0x00000002   PAD
    0x20030a24   COMPRESSED   0x00000004   Data   RW          990    MB_MEM2             app_debug.o
    0x20030a28   COMPRESSED   0x00000004   Data   RW          991    MB_MEM2             app_debug.o
    0x20030a2c   COMPRESSED   0x0000001f   Data   RW         5726    MB_MEM2             tl_mbox.o


==============================================================================

Image component sizes


      Code (inc. data)   RO Data    RW Data    ZI Data      Debug   Object Name

       702         86         93        287          0      85949   app_ble.o
       348         22        283          8          0      30770   app_debug.o
       544        210          0       2142          0     732328   app_entry.o
       570          0          0          0          0      48217   ble_gap_aci.o
       534          0          0          0          0       5524   ble_gatt_aci.o
       178          0          0          0          0       2469   ble_hal_aci.o
        62          0          0          0          0        764   ble_hci_le.o
        32          6          0          0       4128       2101   dbg_trace.o
       444         48          0         28         32      10106   hci_tl.o
        20         10          0          0          0       1130   hci_tl_if.o
       492         58          0          4          0      26987   hw_ipcc.o
      1494        112          0        164          0      22266   hw_timerserver.o
       268         38          0          8        140      18210   hw_uart.o
       408         44        301          0         36      71793   main.o
         8          0          0          0          0       1412   osal.o
       480         34          0          0         24      19059   otas_app.o
       284         22         64         10          0       3679   otas_stm.o
        40         10          0          0          0       1079   otp.o
       148          0          0          0          0       5761   shci.o
       354         52          0         20         32       5965   shci_tl.o
        20         10          0          0          0       2275   shci_tl_if.o
        36          8        316          0       4096        852   startup_stm32wb55xx_cm4.o
        52         10          0          8          0       6874   stm32_lpm.o
         0          0          0          0          0       3728   stm32_lpm_if.o
       460         48         16         24        144       8768   stm32_seq.o
       156         22          0         12          0      21602   stm32wbxx_hal.o
       284         14          0          0          0      36841   stm32wbxx_hal_cortex.o
       298          0          0          0          0       2280   stm32wbxx_hal_dma.o
       356         48          0          0         24      22902   stm32wbxx_hal_flash.o
       280         30          0          0          0       4630   stm32wbxx_hal_flash_ex.o
       382         26          0          0          0       2496   stm32wbxx_hal_gpio.o
        88         14          0          0          0       1372   stm32wbxx_hal_pwr.o
        84         16          0          0          0       1385   stm32wbxx_hal_pwr_ex.o
       298         22          0          0          0      37026   stm32wbxx_hal_rcc.o
       314          6          0          0          0       3706   stm32wbxx_hal_rtc.o
      3068         42          0          0          0      41668   stm32wbxx_hal_uart.o
         6          0          0          0          0       2393   stm32wbxx_hal_uart_ex.o
        38          0          0          0          0       5567   stm32wbxx_it.o
       124          0          0          0          0       5303   stm_list.o
        36          0          0          0          0       1349   stm_queue.o
       226         16          0         36          0      12190   svc_ctl.o
       364         42        160          4          0      56788   system_stm32wbxx.o
       542        116          0        243          0      12310   tl_mbox.o

    ----------------------------------------------------------------------
     14974       1242       1288       3004       8660    1389874   Object Totals
         0          0         48          0          0          0   (incl. Generated)
        52          0          7          6          4          0   (incl. Padding)

    ----------------------------------------------------------------------

      Code (inc. data)   RO Data    RW Data    ZI Data      Debug   Library Member Name

        86          0          0          0          0          0   __dczerorl2.o
         0          0          0          0          0          0   entry.o
         0          0          0          0          0          0   entry10a.o
         0          0          0          0          0          0   entry11a.o
         8          4          0          0          0          0   entry2.o
         4          0          0          0          0          0   entry5.o
         0          0          0          0          0          0   entry7b.o
         0          0          0          0          0          0   entry8b.o
         8          4          0          0          0          0   entry9a.o
        30          0          0          0          0          0   handlers.o
        36          8          0          0          0         68   init.o
        30          0          0          0          0         68   llshl.o
        32          0          0          0          0         68   llushr.o
        40          0          0          0          0         76   memcpy.o
        36          0          0          0          0        108   memseta.o
        14          0          0          0          0         68   strlen.o
        98          0          0          0          0         92   uldiv.o

    ----------------------------------------------------------------------
       426         16          0          0          0        548   Library Totals
         4          0          0          0          0          0   (incl. Padding)

    ----------------------------------------------------------------------

      Code (inc. data)   RO Data    RW Data    ZI Data      Debug   Library Name

       422         16          0          0          0        548   mc_w.l

    ----------------------------------------------------------------------
       426         16          0          0          0        548   Library Totals

    ----------------------------------------------------------------------

==============================================================================


      Code (inc. data)   RO Data    RW Data    ZI Data      Debug   

     15400       1258       1288       3004       8660    1368450   Grand Totals
     15400       1258       1288         44       8660    1368450   ELF Image Totals (compressed)
     15400       1258       1288         44          0          0   ROM Totals

==============================================================================

    Total RO  Size (Code + RO Data)                16688 (  16.30kB)
    Total RW  Size (RW Data + ZI Data)             11664 (  11.39kB)
    Total ROM Size (Code + RO Data + RW Data)      16732 (  16.34kB)

==============================================================================

